
分配公共符号
公共符号            大小              文件

argv                0x40              build/shell.o
kbd_buf             0x6c              build/keyboard.o
root_dir            0x208             build/dir.o
thread_ready_list   0x10              build/thread.o
thread_all_list     0x10              build/thread.o
user_pool           0x2c              build/memory.o
channel_cnt         0x1               build/ide.o
cur_part            0x4               build/fs.o
k_block_descs       0xa8              build/memory.o
idle_thread         0x4               build/thread.o
intr_name           0x204             build/interrupt.o
main_thread         0x4               build/thread.o
channels            0xcc0             build/ide.o
ticks               0x4               build/timer.o
kernel_vaddr        0xc               build/memory.o
syscall_table       0x80              build/syscall-init.o
idt_table           0x204             build/interrupt.o
file_table          0x180             build/file.o
partition_list      0x10              build/ide.o
kernel_pool         0x2c              build/memory.o
pid_lock            0x1c              build/thread.o

舍弃的输入节

 .note.GNU-stack
                0x0000000000000000        0x0 build/mian.o
 .note.GNU-stack
                0x0000000000000000        0x0 build/init.o
 .note.GNU-stack
                0x0000000000000000        0x0 build/interrupt.o
 .note.GNU-stack
                0x0000000000000000        0x0 build/timer.o
 .note.GNU-stack
                0x0000000000000000        0x0 build/debug.o
 .note.GNU-stack
                0x0000000000000000        0x0 build/string.o
 .note.GNU-stack
                0x0000000000000000        0x0 build/bitmap.o
 .note.GNU-stack
                0x0000000000000000        0x0 build/memory.o
 .note.GNU-stack
                0x0000000000000000        0x0 build/thread.o
 .note.GNU-stack
                0x0000000000000000        0x0 build/list.o
 .note.GNU-stack
                0x0000000000000000        0x0 build/sync.o
 .note.GNU-stack
                0x0000000000000000        0x0 build/console.o
 .note.GNU-stack
                0x0000000000000000        0x0 build/keyboard.o
 .note.GNU-stack
                0x0000000000000000        0x0 build/ioqueue.o
 .note.GNU-stack
                0x0000000000000000        0x0 build/tss.o
 .note.GNU-stack
                0x0000000000000000        0x0 build/process.o
 .note.GNU-stack
                0x0000000000000000        0x0 build/syscall-init.o
 .note.GNU-stack
                0x0000000000000000        0x0 build/syscall.o
 .note.GNU-stack
                0x0000000000000000        0x0 build/stdio.o
 .note.GNU-stack
                0x0000000000000000        0x0 build/ide.o
 .note.GNU-stack
                0x0000000000000000        0x0 build/stdio-kernel.o
 .note.GNU-stack
                0x0000000000000000        0x0 build/fs.o
 .note.GNU-stack
                0x0000000000000000        0x0 build/dir.o
 .note.GNU-stack
                0x0000000000000000        0x0 build/file.o
 .note.GNU-stack
                0x0000000000000000        0x0 build/inode.o
 .note.GNU-stack
                0x0000000000000000        0x0 build/fork.o
 .note.GNU-stack
                0x0000000000000000        0x0 build/shell.o
 .note.GNU-stack
                0x0000000000000000        0x0 build/assert.o
 .note.GNU-stack
                0x0000000000000000        0x0 build/buildin_cmd.o

内存配置

名称           来源             长度             属性
*default*        0x0000000000000000 0xffffffffffffffff

链结器命令稿和内存映射

段 .text 的地址设置为 0xc0001500
LOAD build/mian.o
LOAD build/init.o
LOAD build/interrupt.o
LOAD build/timer.o
LOAD build/print.o
LOAD build/kernel.o
LOAD build/debug.o
LOAD build/string.o
LOAD build/bitmap.o
LOAD build/memory.o
LOAD build/thread.o
LOAD build/list.o
LOAD build/switch.o
LOAD build/sync.o
LOAD build/console.o
LOAD build/keyboard.o
LOAD build/ioqueue.o
LOAD build/tss.o
LOAD build/process.o
LOAD build/syscall-init.o
LOAD build/syscall.o
LOAD build/stdio.o
LOAD build/ide.o
LOAD build/stdio-kernel.o
LOAD build/fs.o
LOAD build/dir.o
LOAD build/file.o
LOAD build/inode.o
LOAD build/fork.o
LOAD build/shell.o
LOAD build/assert.o
LOAD build/buildin_cmd.o
                [!provide]                        PROVIDE (__executable_start = SEGMENT_START ("text-segment", 0x8048000))
                0x00000000080480d4                . = (SEGMENT_START ("text-segment", 0x8048000) + SIZEOF_HEADERS)

.interp
 *(.interp)

.note.gnu.build-id
 *(.note.gnu.build-id)

.hash
 *(.hash)

.gnu.hash
 *(.gnu.hash)

.dynsym
 *(.dynsym)

.dynstr
 *(.dynstr)

.gnu.version
 *(.gnu.version)

.gnu.version_d
 *(.gnu.version_d)

.gnu.version_r
 *(.gnu.version_r)

.rel.dyn        0x00000000080480d4        0x0
 *(.rel.init)
 *(.rel.text .rel.text.* .rel.gnu.linkonce.t.*)
 .rel.text      0x00000000080480d4        0x0 build/mian.o
 *(.rel.fini)
 *(.rel.rodata .rel.rodata.* .rel.gnu.linkonce.r.*)
 *(.rel.data.rel.ro .rel.data.rel.ro.* .rel.gnu.linkonce.d.rel.ro.*)
 *(.rel.data .rel.data.* .rel.gnu.linkonce.d.*)
 *(.rel.tdata .rel.tdata.* .rel.gnu.linkonce.td.*)
 *(.rel.tbss .rel.tbss.* .rel.gnu.linkonce.tb.*)
 *(.rel.ctors)
 *(.rel.dtors)
 *(.rel.got)
 .rel.got       0x00000000080480d4        0x0 build/mian.o
 *(.rel.bss .rel.bss.* .rel.gnu.linkonce.b.*)
 *(.rel.ifunc)

.rel.plt        0x00000000080480d4        0x0
 *(.rel.plt)
                [!provide]                        PROVIDE (__rel_iplt_start = .)
 *(.rel.iplt)
 .rel.iplt      0x00000000080480d4        0x0 build/mian.o
                [!provide]                        PROVIDE (__rel_iplt_end = .)

.relr.dyn
 *(.relr.dyn)
                0x0000000008049000                . = ALIGN (CONSTANT (MAXPAGESIZE))

.init
 *(SORT_NONE(.init))

.plt            0x0000000008049000        0x0
 *(.plt)
 *(.iplt)
 .iplt          0x0000000008049000        0x0 build/mian.o

.plt.got
 *(.plt.got)

.plt.sec
 *(.plt.sec)

.text           0x00000000c0001500     0xb4ae
 *(.text.unlikely .text.*_unlikely .text.unlikely.*)
 *(.text.exit .text.exit.*)
 *(.text.startup .text.startup.*)
 *(.text.hot .text.hot.*)
 *(SORT_BY_NAME(.text.sorted.*))
 *(.text .stub .text.* .gnu.linkonce.t.*)
 .text          0x00000000c0001500       0x6f build/mian.o
                0x00000000c0001500                main
                0x00000000c000152d                init
 .text          0x00000000c000156f       0x4b build/init.o
                0x00000000c000156f                init_all
 .text          0x00000000c00015ba      0x47e build/interrupt.o
                0x00000000c000192b                intr_enable
                0x00000000c0001954                intr_disable
                0x00000000c000197d                intr_set_status
                0x00000000c000199b                intr_get_status
                0x00000000c00019be                register_handler
                0x00000000c00019da                idt_init
 .text          0x00000000c0001a38      0x214 build/timer.o
                0x00000000c0001b94                mtime_sleep
                0x00000000c0001bec                timer_init
 *fill*         0x00000000c0001c4c        0x4 
 .text          0x00000000c0001c50      0x1b1 build/print.o
                0x00000000c0001c50                put_str
                0x00000000c0001c6e                put_char
                0x00000000c0001d3b                cls_screen
                0x00000000c0001d7a                put_int
                0x00000000c0001ddd                set_cursor
 *fill*         0x00000000c0001e01        0xf 
 .text          0x00000000c0001e10      0x55b build/kernel.o
                0x00000000c0001e10                intr_exit
                0x00000000c0002347                syscall_handler
 .text          0x00000000c000236b       0xa5 build/debug.o
                0x00000000c000236b                panic_spin
 .text          0x00000000c0002410      0x454 build/string.o
                0x00000000c0002410                memset
                0x00000000c000246c                memcpy
                0x00000000c00024d4                memcmp
                0x00000000c000256a                strcpy
                0x00000000c00025cd                strlen
                0x00000000c0002627                strcmp
                0x00000000c00026ae                strchr
                0x00000000c0002714                strrchr
                0x00000000c000277d                strcat
                0x00000000c00027f7                strchrs
 .text          0x00000000c0002864      0x270 build/bitmap.o
                0x00000000c0002864                bitmap_init
                0x00000000c000288b                bitmap_scan_test
                0x00000000c00028cd                bitmap_scan
                0x00000000c0002a1b                bitmap_set
 .text          0x00000000c0002ad4     0x1185 build/memory.o
                0x00000000c0002bfa                pte_ptr
                0x00000000c0002c2b                pde_ptr
                0x00000000c0002dcc                malloc_page
                0x00000000c0002e96                get_kernel_pages
                0x00000000c0002ef2                get_user_pages
                0x00000000c0002f4e                get_a_page
                0x00000000c00030d8                get_a_page_without_opvaddrbitmap
                0x00000000c0003153                addr_v2p
                0x00000000c00031a9                sys_malloc
                0x00000000c00034b9                pfree
                0x00000000c0003601                mfree_page
                0x00000000c00037d6                sys_free
                0x00000000c0003b9b                block_desc_init
                0x00000000c0003c18                mem_init
 .text          0x00000000c0003c59      0xac7 build/thread.o
                0x00000000c0003c6f                running_thread
                0x00000000c0003cd1                fork_pid
                0x00000000c0003cde                thread_create
                0x00000000c0003d54                init_thread
                0x00000000c0003e60                thread_start
                0x00000000c0003fdb                schedule
                0x00000000c000412b                thread_block
                0x00000000c0004192                thread_unblock
                0x00000000c000429d                thread_yield
                0x00000000c000464d                sys_ps
                0x00000000c000469a                thread_init
 .text          0x00000000c0004720      0x1e4 build/list.o
                0x00000000c0004720                list_init
                0x00000000c000474d                list_insert_before
                0x00000000c000478e                list_push
                0x00000000c00047ab                list_append
                0x00000000c00047c8                list_remove
                0x00000000c00047fe                list_pop
                0x00000000c000481d                elem_find
                0x00000000c0004858                list_traversal
                0x00000000c00048b6                list_len
                0x00000000c00048eb                list_empty
 *fill*         0x00000000c0004904        0xc 
 .text          0x00000000c0004910       0x15 build/switch.o
                0x00000000c0004910                switch_to
 .text          0x00000000c0004925      0x347 build/sync.o
                0x00000000c0004925                sema_init
                0x00000000c000494a                lock_init
                0x00000000c000497b                sema_down
                0x00000000c0004a8f                sema_up
                0x00000000c0004b45                lock_acquire
                0x00000000c0004bc1                lock_release
 .text          0x00000000c0004c6c       0x9a build/console.o
                0x00000000c0004c6c                console_init
                0x00000000c0004c80                console_acquire
                0x00000000c0004c94                console_release
                0x00000000c0004ca8                console_put_str
                0x00000000c0004cc5                console_put_char
                0x00000000c0004ce9                console_put_int
 .text          0x00000000c0004d06      0x2ec build/keyboard.o
                0x00000000c0004fb2                keyboard_init
 .text          0x00000000c0004ff2      0x2f1 build/ioqueue.o
                0x00000000c0004ff2                ioqueue_init
                0x00000000c000504f                ioq_full
                0x00000000c0005185                ioq_getchar
                0x00000000c0005233                ioq_putchar
 .text          0x00000000c00052e3      0x1a9 build/tss.o
                0x00000000c00052e3                update_tss_esp
                0x00000000c000535e                tss_init
 .text          0x00000000c000548c      0x367 build/process.o
                0x00000000c000548c                start_process
                0x00000000c0005592                page_dir_activate
                0x00000000c00055c2                process_activate
                0x00000000c0005614                create_page_dir
                0x00000000c0005685                create_user_vaddr_bitmap
                0x00000000c00056c9                process_execute
 .text          0x00000000c00057f3      0x10e build/syscall-init.o
                0x00000000c00057f3                sys_getpid
                0x00000000c0005805                syscall_init
 .text          0x00000000c0005901      0x29d build/syscall.o
                0x00000000c0005901                getpid
                0x00000000c0005916                write
                0x00000000c0005939                malloc
                0x00000000c0005958                free
                0x00000000c0005974                fork
                0x00000000c0005989                read
                0x00000000c00059ac                putchar
                0x00000000c00059cf                clear
                0x00000000c00059e1                getcwd
                0x00000000c0005a03                open
                0x00000000c0005a2c                close
                0x00000000c0005a4b                lseek
                0x00000000c0005a75                unlink
                0x00000000c0005a94                mkdir
                0x00000000c0005ab3                opendir
                0x00000000c0005ad2                closedir
                0x00000000c0005af1                rmdir
                0x00000000c0005b10                readdir
                0x00000000c0005b2f                rewinddir
                0x00000000c0005b4b                stat
                0x00000000c0005b6d                chdir
                0x00000000c0005b8c                ps
 .text          0x00000000c0005b9e      0x2ba build/stdio.o
                0x00000000c0005c24                vsprintf
                0x00000000c0005da8                sprintf
                0x00000000c0005ddc                printf
 .text          0x00000000c0005e58      0xe01 build/ide.o
                0x00000000c0006172                ide_read
                0x00000000c0006304                ide_write
                0x00000000c000699a                intr_hd_handler
                0x00000000c0006a5b                ide_init
 .text          0x00000000c0006c59       0x62 build/stdio-kernel.o
                0x00000000c0006c59                printk
 .text          0x00000000c0006cbb     0x2170 build/fs.o
                0x00000000c00073be                path_parse
                0x00000000c000741b                path_depth_cnt
                0x00000000c0007743                sys_open
                0x00000000c00079ec                sys_close
                0x00000000c0007a41                sys_write
                0x00000000c0007b2b                sys_read
                0x00000000c0007c0e                sys_lseek
                0x00000000c0007cf6                sys_unlink
                0x00000000c0007f17                sys_mkdir
                0x00000000c0008344                sys_opendir
                0x00000000c000845c                sys_closedir
                0x00000000c0008486                sys_readdir
                0x00000000c00084c3                sys_rewinddir
                0x00000000c00084d2                sys_rmdir
                0x00000000c000887c                sys_getcwd
                0x00000000c0008a69                sys_chdir
                0x00000000c0008af7                sys_stat
                0x00000000c0008c1e                sys_putchar
                0x00000000c0008c3b                filesys_init
 .text          0x00000000c0008e2b      0xf13 build/dir.o
                0x00000000c0008e2b                open_root_dir
                0x00000000c0008e5a                dir_open
                0x00000000c0008e95                search_dir_entry
                0x00000000c0009065                dir_close
                0x00000000c0009091                create_dir_entry
                0x00000000c0009107                sync_dir_entry
                0x00000000c0009577                delete_dir_entry
                0x00000000c0009a3e                dir_read
                0x00000000c0009c4a                dir_is_empty
                0x00000000c0009c75                dir_remove
 .text          0x00000000c0009d3e     0x11a0 build/file.o
                0x00000000c0009d3e                get_free_slot_in_global
                0x00000000c0009d8e                pcb_fd_install
                0x00000000c0009df1                inode_bitmap_alloc
                0x00000000c0009e3f                block_bitmap_alloc
                0x00000000c0009e99                bitmap_sync
                0x00000000c0009f24                file_create
                0x00000000c000a1f3                file_open
                0x00000000c000a2f2                file_close
                0x00000000c000a331                file_write
                0x00000000c000ab05                file_read
 .text          0x00000000c000aede      0x80f build/inode.o
                0x00000000c000af82                inode_sync
                0x00000000c000b0f3                inode_open
                0x00000000c000b24c                inode_close
                0x00000000c000b2bd                inode_delete
                0x00000000c000b41f                inode_release
                0x00000000c000b69e                inode_init
 .text          0x00000000c000b6ed      0x533 build/fork.o
                0x00000000c000baea                sys_fork
 .text          0x00000000c000bc20      0x4d6 build/shell.o
                0x00000000c000bc20                print_prompt
                0x00000000c000be51                my_shell
 .text          0x00000000c000c0f6       0x30 build/assert.o
                0x00000000c000c0f6                user_spin
 .text          0x00000000c000c126      0x888 build/buildin_cmd.o
                0x00000000c000c2aa                make_clear_abs_path
                0x00000000c000c36d                buildin_pwd
                0x00000000c000c3c3                buildin_cd
                0x00000000c000c443                buildin_ls
                0x00000000c000c7d7                buildin_ps
                0x00000000c000c7f8                buildin_clear
                0x00000000c000c819                buildin_mkdir
                0x00000000c000c8a0                buildin_rmdir
                0x00000000c000c927                buildin_rm
 *(.gnu.warning)

.fini
 *(SORT_NONE(.fini))
                [!provide]                        PROVIDE (__etext = .)
                [!provide]                        PROVIDE (_etext = .)
                [!provide]                        PROVIDE (etext = .)
                0x00000000c000d000                . = ALIGN (CONSTANT (MAXPAGESIZE))
                0x00000000c000d000                . = SEGMENT_START ("rodata-segment", (ALIGN (CONSTANT (MAXPAGESIZE)) + (. & (CONSTANT (MAXPAGESIZE) - 0x1))))

.rodata         0x00000000c000d000     0x26ea
 *(.rodata .rodata.* .gnu.linkonce.r.*)
 .rodata        0x00000000c000d000       0x50 build/mian.o
 .rodata        0x00000000c000d050        0xa build/init.o
 *fill*         0x00000000c000d05a        0x2 
 .rodata        0x00000000c000d05c      0x2cd build/interrupt.o
 *fill*         0x00000000c000d329        0x3 
 .rodata        0x00000000c000d32c       0x87 build/timer.o
 .rodata        0x00000000c000d3b3       0x3f build/debug.o
 .rodata        0x00000000c000d3f2       0xb9 build/string.o
 *fill*         0x00000000c000d4ab        0x1 
 .rodata        0x00000000c000d4ac       0x68 build/bitmap.o
 .rodata        0x00000000c000d514      0x3b5 build/memory.o
 *fill*         0x00000000c000d8c9        0x3 
 .rodata        0x00000000c000d8cc      0x399 build/thread.o
 *fill*         0x00000000c000dc65        0x3 
 .rodata        0x00000000c000dc68      0x12f build/sync.o
 .rodata        0x00000000c000dd97       0x36 build/keyboard.o
 *fill*         0x00000000c000ddcd        0x3 
 .rodata        0x00000000c000ddd0       0x9d build/ioqueue.o
 .rodata        0x00000000c000de6d       0x27 build/tss.o
 .rodata        0x00000000c000de94       0xdd build/process.o
 .rodata        0x00000000c000df71       0x27 build/syscall-init.o
 .rodata        0x00000000c000df98      0x1ef build/ide.o
 *fill*         0x00000000c000e187        0x1 
 .rodata        0x00000000c000e188      0x8a6 build/fs.o
 *fill*         0x00000000c000ea2e        0x2 
 .rodata        0x00000000c000ea30      0x203 build/dir.o
 *fill*         0x00000000c000ec33        0x1 
 .rodata        0x00000000c000ec34      0x41c build/file.o
 .rodata        0x00000000c000f050       0xbb build/inode.o
 *fill*         0x00000000c000f10b        0x1 
 .rodata        0x00000000c000f10c      0x142 build/fork.o
 *fill*         0x00000000c000f24e        0x2 
 .rodata        0x00000000c000f250      0x13a build/shell.o
 *fill*         0x00000000c000f38a        0x2 
 .rodata        0x00000000c000f38c       0x32 build/assert.o
 *fill*         0x00000000c000f3be        0x2 
 .rodata        0x00000000c000f3c0      0x32a build/buildin_cmd.o

.rodata1
 *(.rodata1)

.eh_frame_hdr
 *(.eh_frame_hdr)
 *(.eh_frame_entry .eh_frame_entry.*)

.eh_frame
 *(.eh_frame)
 *(.eh_frame.*)

.gcc_except_table
 *(.gcc_except_table .gcc_except_table.*)

.gnu_extab
 *(.gnu_extab*)

.exception_ranges
 *(.exception_ranges*)
                0x00000000c00106ea                . = DATA_SEGMENT_ALIGN (CONSTANT (MAXPAGESIZE), CONSTANT (COMMONPAGESIZE))

.eh_frame
 *(.eh_frame)
 *(.eh_frame.*)

.gnu_extab
 *(.gnu_extab)

.gcc_except_table
 *(.gcc_except_table .gcc_except_table.*)

.exception_ranges
 *(.exception_ranges*)

.tdata          0x00000000c00106ea        0x0
                [!provide]                        PROVIDE (__tdata_start = .)
 *(.tdata .tdata.* .gnu.linkonce.td.*)

.tbss
 *(.tbss .tbss.* .gnu.linkonce.tb.*)
 *(.tcommon)

.preinit_array  0x00000000c00106ea        0x0
                [!provide]                        PROVIDE (__preinit_array_start = .)
 *(.preinit_array)
                [!provide]                        PROVIDE (__preinit_array_end = .)

.init_array     0x00000000c00106ea        0x0
                [!provide]                        PROVIDE (__init_array_start = .)
 *(SORT_BY_INIT_PRIORITY(.init_array.*) SORT_BY_INIT_PRIORITY(.ctors.*))
 *(.init_array EXCLUDE_FILE(*crtend?.o *crtend.o *crtbegin?.o *crtbegin.o) .ctors)
                [!provide]                        PROVIDE (__init_array_end = .)

.fini_array     0x00000000c00106ea        0x0
                [!provide]                        PROVIDE (__fini_array_start = .)
 *(SORT_BY_INIT_PRIORITY(.fini_array.*) SORT_BY_INIT_PRIORITY(.dtors.*))
 *(.fini_array EXCLUDE_FILE(*crtend?.o *crtend.o *crtbegin?.o *crtbegin.o) .dtors)
                [!provide]                        PROVIDE (__fini_array_end = .)

.ctors
 *crtbegin.o(.ctors)
 *crtbegin?.o(.ctors)
 *(EXCLUDE_FILE(*crtend?.o *crtend.o) .ctors)
 *(SORT_BY_NAME(.ctors.*))
 *(.ctors)

.dtors
 *crtbegin.o(.dtors)
 *crtbegin?.o(.dtors)
 *(EXCLUDE_FILE(*crtend?.o *crtend.o) .dtors)
 *(SORT_BY_NAME(.dtors.*))
 *(.dtors)

.jcr
 *(.jcr)

.data.rel.ro
 *(.data.rel.ro.local* .gnu.linkonce.d.rel.ro.local.*)
 *(.data.rel.ro .data.rel.ro.* .gnu.linkonce.d.rel.ro.*)

.dynamic
 *(.dynamic)

.got            0x00000000c00106ec        0x0
 *(.got)
 .got           0x00000000c00106ec        0x0 build/mian.o
 *(.igot)
                0x00000000c00106ec                . = DATA_SEGMENT_RELRO_END (., (SIZEOF (.got.plt) >= 0xc)?0xc:0x0)

.got.plt        0x00000000c00106ec        0x0
 *(.got.plt)
 .got.plt       0x00000000c00106ec        0x0 build/mian.o
 *(.igot.plt)
 .igot.plt      0x00000000c00106ec        0x0 build/mian.o

.data           0x00000000c0010700      0x15c
 *(.data .data.* .gnu.linkonce.d.*)
 .data          0x00000000c0010700        0x0 build/mian.o
 .data          0x00000000c0010700        0x0 build/init.o
 .data          0x00000000c0010700        0x0 build/interrupt.o
 .data          0x00000000c0010700        0x0 build/timer.o
 .data          0x00000000c0010700        0x8 build/print.o
 .data          0x00000000c0010708       0xc0 build/kernel.o
                0x00000000c0010708                intr_entry_table
 .data          0x00000000c00107c8        0x0 build/debug.o
 .data          0x00000000c00107c8        0x0 build/string.o
 .data          0x00000000c00107c8        0x0 build/bitmap.o
 .data          0x00000000c00107c8        0x0 build/memory.o
 .data          0x00000000c00107c8        0x0 build/thread.o
 .data          0x00000000c00107c8        0x0 build/list.o
 .data          0x00000000c00107c8        0x0 build/sync.o
 .data          0x00000000c00107c8        0x0 build/console.o
 *fill*         0x00000000c00107c8       0x18 
 .data          0x00000000c00107e0       0x76 build/keyboard.o
 .data          0x00000000c0010856        0x0 build/ioqueue.o
 .data          0x00000000c0010856        0x0 build/tss.o
 .data          0x00000000c0010856        0x0 build/process.o
 .data          0x00000000c0010856        0x0 build/syscall-init.o
 .data          0x00000000c0010856        0x0 build/syscall.o
 .data          0x00000000c0010856        0x0 build/stdio.o
 .data          0x00000000c0010856        0x0 build/ide.o
 .data          0x00000000c0010856        0x0 build/stdio-kernel.o
 .data          0x00000000c0010856        0x0 build/fs.o
 .data          0x00000000c0010856        0x0 build/dir.o
 .data          0x00000000c0010856        0x0 build/file.o
 .data          0x00000000c0010856        0x0 build/inode.o
 .data          0x00000000c0010856        0x0 build/fork.o
 *fill*         0x00000000c0010856        0x2 
 .data          0x00000000c0010858        0x4 build/shell.o
                0x00000000c0010858                argc
 .data          0x00000000c001085c        0x0 build/assert.o
 .data          0x00000000c001085c        0x0 build/buildin_cmd.o

.data1
 *(.data1)
                0x00000000c001085c                _edata = .
                [!provide]                        PROVIDE (edata = .)
                0x00000000c001085c                . = .
                0x00000000c001085c                __bss_start = .

.bss            0x00000000c0010860     0x1f20
 *(.dynbss)
 *(.bss .bss.* .gnu.linkonce.b.*)
 .bss           0x00000000c0010860        0x0 build/mian.o
 .bss           0x00000000c0010860        0x0 build/init.o
 .bss           0x00000000c0010860      0x408 build/interrupt.o
 .bss           0x00000000c0010c68        0x0 build/timer.o
 .bss           0x00000000c0010c68        0x0 build/debug.o
 .bss           0x00000000c0010c68        0x0 build/string.o
 .bss           0x00000000c0010c68        0x0 build/bitmap.o
 .bss           0x00000000c0010c68        0x0 build/memory.o
 .bss           0x00000000c0010c68        0x6 build/thread.o
 .bss           0x00000000c0010c6e        0x0 build/list.o
 .bss           0x00000000c0010c6e        0x0 build/sync.o
 *fill*         0x00000000c0010c6e        0x2 
 .bss           0x00000000c0010c70       0x1c build/console.o
 .bss           0x00000000c0010c8c       0x14 build/keyboard.o
 .bss           0x00000000c0010ca0        0x0 build/ioqueue.o
 .bss           0x00000000c0010ca0       0x6c build/tss.o
 .bss           0x00000000c0010d0c        0x0 build/process.o
 .bss           0x00000000c0010d0c        0x0 build/syscall-init.o
 .bss           0x00000000c0010d0c        0x0 build/syscall.o
 .bss           0x00000000c0010d0c        0x0 build/stdio.o
 .bss           0x00000000c0010d0c        0x6 build/ide.o
                0x00000000c0010d0c                ext_lba_base
                0x00000000c0010d10                p_no
                0x00000000c0010d11                l_no
 .bss           0x00000000c0010d12        0x0 build/stdio-kernel.o
 .bss           0x00000000c0010d12        0x0 build/fs.o
 .bss           0x00000000c0010d12        0x0 build/dir.o
 .bss           0x00000000c0010d12        0x0 build/file.o
 .bss           0x00000000c0010d12        0x0 build/inode.o
 .bss           0x00000000c0010d12        0x0 build/fork.o
 *fill*         0x00000000c0010d12        0xe 
 .bss           0x00000000c0010d20      0x2c0 build/shell.o
                0x00000000c0010d20                final_path
                0x00000000c0010f20                cwd_cache
 .bss           0x00000000c0010fe0        0x0 build/assert.o
 .bss           0x00000000c0010fe0        0x0 build/buildin_cmd.o
 *(COMMON)
 COMMON         0x00000000c0010fe0      0x424 build/interrupt.o
                0x00000000c0010fe0                intr_name
                0x00000000c0011200                idt_table
 COMMON         0x00000000c0011404        0x4 build/timer.o
                0x00000000c0011404                ticks
 *fill*         0x00000000c0011408       0x18 
 COMMON         0x00000000c0011420      0x12c build/memory.o
                0x00000000c0011420                user_pool
                0x00000000c0011460                k_block_descs
                0x00000000c0011508                kernel_vaddr
                0x00000000c0011520                kernel_pool
 COMMON         0x00000000c001154c       0x44 build/thread.o
                0x00000000c001154c                thread_ready_list
                0x00000000c001155c                thread_all_list
                0x00000000c001156c                idle_thread
                0x00000000c0011570                main_thread
                0x00000000c0011574                pid_lock
 *fill*         0x00000000c0011590       0x10 
 COMMON         0x00000000c00115a0       0x6c build/keyboard.o
                0x00000000c00115a0                kbd_buf
 *fill*         0x00000000c001160c       0x14 
 COMMON         0x00000000c0011620       0x80 build/syscall-init.o
                0x00000000c0011620                syscall_table
 COMMON         0x00000000c00116a0      0xcf0 build/ide.o
                0x00000000c00116a0                channel_cnt
                0x00000000c00116c0                channels
                0x00000000c0012380                partition_list
 COMMON         0x00000000c0012390        0x4 build/fs.o
                0x00000000c0012390                cur_part
 *fill*         0x00000000c0012394        0xc 
 COMMON         0x00000000c00123a0      0x208 build/dir.o
                0x00000000c00123a0                root_dir
 *fill*         0x00000000c00125a8       0x18 
 COMMON         0x00000000c00125c0      0x180 build/file.o
                0x00000000c00125c0                file_table
 COMMON         0x00000000c0012740       0x40 build/shell.o
                0x00000000c0012740                argv
                0x00000000c0012780                . = ALIGN ((. != 0x0)?0x4:0x1)
                0x00000000c0012780                . = ALIGN (0x4)
                0x00000000c0012780                . = SEGMENT_START ("ldata-segment", .)
                0x00000000c0012780                . = ALIGN (0x4)
                0x00000000c0012780                _end = .
                [!provide]                        PROVIDE (end = .)
                0x00000000c0012780                . = DATA_SEGMENT_END (.)

.stab
 *(.stab)

.stabstr
 *(.stabstr)

.stab.excl
 *(.stab.excl)

.stab.exclstr
 *(.stab.exclstr)

.stab.index
 *(.stab.index)

.stab.indexstr
 *(.stab.indexstr)

.comment        0x0000000000000000       0x2a
 *(.comment)
 .comment       0x0000000000000000       0x2a build/mian.o
                                         0x2b (松开之前的大小)
 .comment       0x000000000000002a       0x2b build/init.o
 .comment       0x000000000000002a       0x2b build/interrupt.o
 .comment       0x000000000000002a       0x2b build/timer.o
 .comment       0x000000000000002a       0x2b build/debug.o
 .comment       0x000000000000002a       0x2b build/string.o
 .comment       0x000000000000002a       0x2b build/bitmap.o
 .comment       0x000000000000002a       0x2b build/memory.o
 .comment       0x000000000000002a       0x2b build/thread.o
 .comment       0x000000000000002a       0x2b build/list.o
 .comment       0x000000000000002a       0x2b build/sync.o
 .comment       0x000000000000002a       0x2b build/console.o
 .comment       0x000000000000002a       0x2b build/keyboard.o
 .comment       0x000000000000002a       0x2b build/ioqueue.o
 .comment       0x000000000000002a       0x2b build/tss.o
 .comment       0x000000000000002a       0x2b build/process.o
 .comment       0x000000000000002a       0x2b build/syscall-init.o
 .comment       0x000000000000002a       0x2b build/syscall.o
 .comment       0x000000000000002a       0x2b build/stdio.o
 .comment       0x000000000000002a       0x2b build/ide.o
 .comment       0x000000000000002a       0x2b build/stdio-kernel.o
 .comment       0x000000000000002a       0x2b build/fs.o
 .comment       0x000000000000002a       0x2b build/dir.o
 .comment       0x000000000000002a       0x2b build/file.o
 .comment       0x000000000000002a       0x2b build/inode.o
 .comment       0x000000000000002a       0x2b build/fork.o
 .comment       0x000000000000002a       0x2b build/shell.o
 .comment       0x000000000000002a       0x2b build/assert.o
 .comment       0x000000000000002a       0x2b build/buildin_cmd.o

.gnu.build.attributes
 *(.gnu.build.attributes .gnu.build.attributes.*)

.debug
 *(.debug)

.line
 *(.line)

.debug_srcinfo
 *(.debug_srcinfo)

.debug_sfnames
 *(.debug_sfnames)

.debug_aranges  0x0000000000000000      0x400
 *(.debug_aranges)
 .debug_aranges
                0x0000000000000000       0x20 build/mian.o
 .debug_aranges
                0x0000000000000020       0x20 build/init.o
 .debug_aranges
                0x0000000000000040       0x20 build/interrupt.o
 .debug_aranges
                0x0000000000000060       0x20 build/timer.o
 .debug_aranges
                0x0000000000000080       0x20 build/print.o
 .debug_aranges
                0x00000000000000a0       0x20 build/kernel.o
 .debug_aranges
                0x00000000000000c0       0x20 build/debug.o
 .debug_aranges
                0x00000000000000e0       0x20 build/string.o
 .debug_aranges
                0x0000000000000100       0x20 build/bitmap.o
 .debug_aranges
                0x0000000000000120       0x20 build/memory.o
 .debug_aranges
                0x0000000000000140       0x20 build/thread.o
 .debug_aranges
                0x0000000000000160       0x20 build/list.o
 .debug_aranges
                0x0000000000000180       0x20 build/switch.o
 .debug_aranges
                0x00000000000001a0       0x20 build/sync.o
 .debug_aranges
                0x00000000000001c0       0x20 build/console.o
 .debug_aranges
                0x00000000000001e0       0x20 build/keyboard.o
 .debug_aranges
                0x0000000000000200       0x20 build/ioqueue.o
 .debug_aranges
                0x0000000000000220       0x20 build/tss.o
 .debug_aranges
                0x0000000000000240       0x20 build/process.o
 .debug_aranges
                0x0000000000000260       0x20 build/syscall-init.o
 .debug_aranges
                0x0000000000000280       0x20 build/syscall.o
 .debug_aranges
                0x00000000000002a0       0x20 build/stdio.o
 .debug_aranges
                0x00000000000002c0       0x20 build/ide.o
 .debug_aranges
                0x00000000000002e0       0x20 build/stdio-kernel.o
 .debug_aranges
                0x0000000000000300       0x20 build/fs.o
 .debug_aranges
                0x0000000000000320       0x20 build/dir.o
 .debug_aranges
                0x0000000000000340       0x20 build/file.o
 .debug_aranges
                0x0000000000000360       0x20 build/inode.o
 .debug_aranges
                0x0000000000000380       0x20 build/fork.o
 .debug_aranges
                0x00000000000003a0       0x20 build/shell.o
 .debug_aranges
                0x00000000000003c0       0x20 build/assert.o
 .debug_aranges
                0x00000000000003e0       0x20 build/buildin_cmd.o

.debug_pubnames
                0x0000000000000000      0xe16
 *(.debug_pubnames)
 .debug_pubnames
                0x0000000000000000       0x24 build/mian.o
 .debug_pubnames
                0x0000000000000024       0x1f build/init.o
 .debug_pubnames
                0x0000000000000043       0x99 build/interrupt.o
 .debug_pubnames
                0x00000000000000dc       0x3b build/timer.o
 .debug_pubnames
                0x0000000000000117        0x0 build/print.o
 .debug_pubnames
                0x0000000000000117        0x0 build/kernel.o
 .debug_pubnames
                0x0000000000000117       0x21 build/debug.o
 .debug_pubnames
                0x0000000000000138       0x82 build/string.o
 .debug_pubnames
                0x00000000000001ba       0x56 build/bitmap.o
 .debug_pubnames
                0x0000000000000210      0x13a build/memory.o
 .debug_pubnames
                0x000000000000034a      0x119 build/thread.o
 .debug_pubnames
                0x0000000000000463       0xaf build/list.o
 .debug_pubnames
                0x0000000000000512        0x0 build/switch.o
 .debug_pubnames
                0x0000000000000512       0x6a build/sync.o
 .debug_pubnames
                0x000000000000057c       0x88 build/console.o
 .debug_pubnames
                0x0000000000000604       0x30 build/keyboard.o
 .debug_pubnames
                0x0000000000000634       0x50 build/ioqueue.o
 .debug_pubnames
                0x0000000000000684       0x32 build/tss.o
 .debug_pubnames
                0x00000000000006b6       0x94 build/process.o
 .debug_pubnames
                0x000000000000074a       0x44 build/syscall-init.o
 .debug_pubnames
                0x000000000000078e       0xf7 build/syscall.o
 .debug_pubnames
                0x0000000000000885       0x36 build/stdio.o
 .debug_pubnames
                0x00000000000008bb       0xa1 build/ide.o
 .debug_pubnames
                0x000000000000095c       0x1d build/stdio-kernel.o
 .debug_pubnames
                0x0000000000000979      0x13e build/fs.o
 .debug_pubnames
                0x0000000000000ab7       0xcb build/dir.o
 .debug_pubnames
                0x0000000000000b82       0xd8 build/file.o
 .debug_pubnames
                0x0000000000000c5a       0x72 build/inode.o
 .debug_pubnames
                0x0000000000000ccc       0x1f build/fork.o
 .debug_pubnames
                0x0000000000000ceb       0x5f build/shell.o
 .debug_pubnames
                0x0000000000000d4a       0x20 build/assert.o
 .debug_pubnames
                0x0000000000000d6a       0xac build/buildin_cmd.o

.debug_info     0x0000000000000000     0xb4bf
 *(.debug_info .gnu.linkonce.wi.*)
 .debug_info    0x0000000000000000       0xd9 build/mian.o
 .debug_info    0x00000000000000d9       0x7d build/init.o
 .debug_info    0x0000000000000156      0x3ca build/interrupt.o
 .debug_info    0x0000000000000520      0x487 build/timer.o
 .debug_info    0x00000000000009a7       0x44 build/print.o
 .debug_info    0x00000000000009eb       0x41 build/kernel.o
 .debug_info    0x0000000000000a2c       0xc8 build/debug.o
 .debug_info    0x0000000000000af4      0x485 build/string.o
 .debug_info    0x0000000000000f79      0x274 build/bitmap.o
 .debug_info    0x00000000000011ed      0xdb3 build/memory.o
 .debug_info    0x0000000000001fa0      0x944 build/thread.o
 .debug_info    0x00000000000028e4      0x35c build/list.o
 .debug_info    0x0000000000002c40       0x41 build/switch.o
 .debug_info    0x0000000000002c81      0x520 build/sync.o
 .debug_info    0x00000000000031a1      0x413 build/console.o
 .debug_info    0x00000000000035b4      0x544 build/keyboard.o
 .debug_info    0x0000000000003af8      0x601 build/ioqueue.o
 .debug_info    0x00000000000040f9      0x5c9 build/tss.o
 .debug_info    0x00000000000046c2      0x604 build/process.o
 .debug_info    0x0000000000004cc6      0x161 build/syscall-init.o
 .debug_info    0x0000000000004e27      0x8e9 build/syscall.o
 .debug_info    0x0000000000005710      0x241 build/stdio.o
 .debug_info    0x0000000000005951      0xd84 build/ide.o
 .debug_info    0x00000000000066d5       0xdb build/stdio-kernel.o
 .debug_info    0x00000000000067b0     0x1758 build/fs.o
 .debug_info    0x0000000000007f08      0xd12 build/dir.o
 .debug_info    0x0000000000008c1a      0xd57 build/file.o
 .debug_info    0x0000000000009971      0xa96 build/inode.o
 .debug_info    0x000000000000a407      0x7bb build/fork.o
 .debug_info    0x000000000000abc2      0x27a build/shell.o
 .debug_info    0x000000000000ae3c       0xc8 build/assert.o
 .debug_info    0x000000000000af04      0x5bb build/buildin_cmd.o

.debug_abbrev   0x0000000000000000     0x22a7
 *(.debug_abbrev)
 .debug_abbrev  0x0000000000000000       0xa3 build/mian.o
 .debug_abbrev  0x00000000000000a3       0x48 build/init.o
 .debug_abbrev  0x00000000000000eb      0x148 build/interrupt.o
 .debug_abbrev  0x0000000000000233      0x142 build/timer.o
 .debug_abbrev  0x0000000000000375       0x1b build/print.o
 .debug_abbrev  0x0000000000000390       0x1b build/kernel.o
 .debug_abbrev  0x00000000000003ab       0x60 build/debug.o
 .debug_abbrev  0x000000000000040b       0xe7 build/string.o
 .debug_abbrev  0x00000000000004f2       0xea build/bitmap.o
 .debug_abbrev  0x00000000000005dc      0x208 build/memory.o
 .debug_abbrev  0x00000000000007e4      0x1d5 build/thread.o
 .debug_abbrev  0x00000000000009b9       0xfc build/list.o
 .debug_abbrev  0x0000000000000ab5       0x1b build/switch.o
 .debug_abbrev  0x0000000000000ad0      0x101 build/sync.o
 .debug_abbrev  0x0000000000000bd1      0x108 build/console.o
 .debug_abbrev  0x0000000000000cd9      0x12f build/keyboard.o
 .debug_abbrev  0x0000000000000e08      0x14c build/ioqueue.o
 .debug_abbrev  0x0000000000000f54      0x122 build/tss.o
 .debug_abbrev  0x0000000000001076      0x13f build/process.o
 .debug_abbrev  0x00000000000011b5       0xae build/syscall-init.o
 .debug_abbrev  0x0000000000001263      0x137 build/syscall.o
 .debug_abbrev  0x000000000000139a       0xcf build/stdio.o
 .debug_abbrev  0x0000000000001469      0x210 build/ide.o
 .debug_abbrev  0x0000000000001679       0xab build/stdio-kernel.o
 .debug_abbrev  0x0000000000001724      0x233 build/fs.o
 .debug_abbrev  0x0000000000001957      0x1c6 build/dir.o
 .debug_abbrev  0x0000000000001b1d      0x1d1 build/file.o
 .debug_abbrev  0x0000000000001cee      0x15f build/inode.o
 .debug_abbrev  0x0000000000001e4d      0x145 build/fork.o
 .debug_abbrev  0x0000000000001f92      0x135 build/shell.o
 .debug_abbrev  0x00000000000020c7       0x60 build/assert.o
 .debug_abbrev  0x0000000000002127      0x180 build/buildin_cmd.o

.debug_line     0x0000000000000000     0x2725
 *(.debug_line .debug_line.* .debug_line_end)
 .debug_line    0x0000000000000000       0x5d build/mian.o
 .debug_line    0x000000000000005d       0x4a build/init.o
 .debug_line    0x00000000000000a7      0x101 build/interrupt.o
 .debug_line    0x00000000000001a8       0xd7 build/timer.o
 .debug_line    0x000000000000027f       0xe4 build/print.o
 .debug_line    0x0000000000000363      0x359 build/kernel.o
 .debug_line    0x00000000000006bc       0x4d build/debug.o
 .debug_line    0x0000000000000709       0xbf build/string.o
 .debug_line    0x00000000000007c8       0xa1 build/bitmap.o
 .debug_line    0x0000000000000869      0x267 build/memory.o
 .debug_line    0x0000000000000ad0      0x1bc build/thread.o
 .debug_line    0x0000000000000c8c       0xb4 build/list.o
 .debug_line    0x0000000000000d40       0x49 build/switch.o
 .debug_line    0x0000000000000d89       0xf4 build/sync.o
 .debug_line    0x0000000000000e7d       0xbe build/console.o
 .debug_line    0x0000000000000f3b      0x140 build/keyboard.o
 .debug_line    0x000000000000107b      0x10a build/ioqueue.o
 .debug_line    0x0000000000001185       0xcc build/tss.o
 .debug_line    0x0000000000001251       0xfe build/process.o
 .debug_line    0x000000000000134f       0x8d build/syscall-init.o
 .debug_line    0x00000000000013dc       0xfe build/syscall.o
 .debug_line    0x00000000000014da       0x9c build/stdio.o
 .debug_line    0x0000000000001576      0x20b build/ide.o
 .debug_line    0x0000000000001781       0x62 build/stdio-kernel.o
 .debug_line    0x00000000000017e3      0x433 build/fs.o
 .debug_line    0x0000000000001c16      0x286 build/dir.o
 .debug_line    0x0000000000001e9c      0x2b9 build/file.o
 .debug_line    0x0000000000002155      0x1b3 build/inode.o
 .debug_line    0x0000000000002308      0x14f build/fork.o
 .debug_line    0x0000000000002457      0x105 build/shell.o
 .debug_line    0x000000000000255c       0x45 build/assert.o
 .debug_line    0x00000000000025a1      0x184 build/buildin_cmd.o

.debug_frame    0x0000000000000000     0x1984
 *(.debug_frame)
 .debug_frame   0x0000000000000000       0x44 build/mian.o
 .debug_frame   0x0000000000000044       0x2c build/init.o
 .debug_frame   0x0000000000000070      0x13c build/interrupt.o
 .debug_frame   0x00000000000001ac       0xac build/timer.o
 .debug_frame   0x0000000000000258        0x0 build/print.o
 .debug_frame   0x0000000000000258        0x0 build/kernel.o
 .debug_frame   0x0000000000000258       0x2c build/debug.o
 .debug_frame   0x0000000000000284      0x104 build/string.o
 .debug_frame   0x0000000000000388       0x88 build/bitmap.o
 .debug_frame   0x0000000000000410      0x224 build/memory.o
 .debug_frame   0x0000000000000634      0x1ac build/thread.o
 .debug_frame   0x00000000000007e0      0x104 build/list.o
 *fill*         0x00000000000008e4        0x4 
 .debug_frame   0x00000000000008e8        0x0 build/switch.o
 .debug_frame   0x00000000000008e8       0xac build/sync.o
 .debug_frame   0x0000000000000994       0xa4 build/console.o
 .debug_frame   0x0000000000000a38       0x5c build/keyboard.o
 .debug_frame   0x0000000000000a94       0xd4 build/ioqueue.o
 .debug_frame   0x0000000000000b68       0x60 build/tss.o
 .debug_frame   0x0000000000000bc8       0xa4 build/process.o
 .debug_frame   0x0000000000000c6c       0x44 build/syscall-init.o
 .debug_frame   0x0000000000000cb0      0x26c build/syscall.o
 .debug_frame   0x0000000000000f1c       0x80 build/stdio.o
 .debug_frame   0x0000000000000f9c      0x1d4 build/ide.o
 .debug_frame   0x0000000000001170       0x34 build/stdio-kernel.o
 .debug_frame   0x00000000000011a4      0x298 build/fs.o
 .debug_frame   0x000000000000143c      0x11c build/dir.o
 .debug_frame   0x0000000000001558      0x10c build/file.o
 .debug_frame   0x0000000000001664       0xc4 build/inode.o
 .debug_frame   0x0000000000001728       0xa8 build/fork.o
 .debug_frame   0x00000000000017d0       0x74 build/shell.o
 .debug_frame   0x0000000000001844       0x2c build/assert.o
 .debug_frame   0x0000000000001870      0x114 build/buildin_cmd.o

.debug_str      0x0000000000000000     0x2043
 *(.debug_str)
 .debug_str     0x0000000000000000       0xa8 build/mian.o
                                         0xcb (松开之前的大小)
 .debug_str     0x00000000000000a8       0x17 build/init.o
                                         0xb0 (松开之前的大小)
 .debug_str     0x00000000000000bf      0x1cf build/interrupt.o
                                        0x28a (松开之前的大小)
 .debug_str     0x000000000000028e      0x222 build/timer.o
                                        0x32d (松开之前的大小)
 .debug_str     0x00000000000004b0       0x2d build/debug.o
                                         0xd0 (松开之前的大小)
 .debug_str     0x00000000000004dd       0x70 build/string.o
                                        0x135 (松开之前的大小)
 .debug_str     0x000000000000054d       0x92 build/bitmap.o
                                        0x178 (松开之前的大小)
 .debug_str     0x00000000000005df      0x2be build/memory.o
                                        0x5c8 (松开之前的大小)
 .debug_str     0x000000000000089d      0x1ba build/thread.o
                                        0x4be (松开之前的大小)
 .debug_str     0x0000000000000a57       0x96 build/list.o
                                        0x1a5 (松开之前的大小)
 .debug_str     0x0000000000000aed       0x69 build/sync.o
                                        0x326 (松开之前的大小)
 .debug_str     0x0000000000000b56       0x86 build/console.o
                                        0x312 (松开之前的大小)
 .debug_str     0x0000000000000bdc       0xf3 build/keyboard.o
                                        0x3a1 (松开之前的大小)
 .debug_str     0x0000000000000ccf       0x69 build/ioqueue.o
                                        0x33a (松开之前的大小)
 .debug_str     0x0000000000000d38       0xea build/tss.o
                                        0x380 (松开之前的大小)
 .debug_str     0x0000000000000e22      0x10e build/process.o
                                        0x3f5 (松开之前的大小)
 .debug_str     0x0000000000000f30      0x136 build/syscall-init.o
                                        0x1d8 (松开之前的大小)
 .debug_str     0x0000000000001066       0xb7 build/syscall.o
                                        0x353 (松开之前的大小)
 .debug_str     0x000000000000111d       0x61 build/stdio.o
                                        0x13b (松开之前的大小)
 .debug_str     0x000000000000117e      0x2d3 build/ide.o
                                        0x5be (松开之前的大小)
 .debug_str     0x0000000000001451       0x21 build/stdio-kernel.o
                                         0xce (松开之前的大小)
 .debug_str     0x0000000000001472      0x53e build/fs.o
                                        0xa70 (松开之前的大小)
 .debug_str     0x00000000000019b0      0x119 build/dir.o
                                        0x69f (松开之前的大小)
 .debug_str     0x0000000000001ac9      0x1c2 build/file.o
                                        0x7c8 (松开之前的大小)
 .debug_str     0x0000000000001c8b       0xf0 build/inode.o
                                        0x60c (松开之前的大小)
 .debug_str     0x0000000000001d7b      0x131 build/fork.o
                                        0x4c2 (松开之前的大小)
 .debug_str     0x0000000000001eac       0x75 build/shell.o
                                        0x14e (松开之前的大小)
 .debug_str     0x0000000000001f21       0x1c build/assert.o
                                         0xd2 (松开之前的大小)
 .debug_str     0x0000000000001f3d      0x106 build/buildin_cmd.o
                                        0x2d2 (松开之前的大小)

.debug_loc      0x0000000000000000     0x28bc
 *(.debug_loc)
 .debug_loc     0x0000000000000000       0x58 build/mian.o
 .debug_loc     0x0000000000000058       0x2c build/init.o
 .debug_loc     0x0000000000000084      0x210 build/interrupt.o
 .debug_loc     0x0000000000000294      0x108 build/timer.o
 .debug_loc     0x000000000000039c        0x0 build/print.o
 .debug_loc     0x000000000000039c        0x0 build/kernel.o
 .debug_loc     0x000000000000039c       0x2c build/debug.o
 .debug_loc     0x00000000000003c8      0x1b8 build/string.o
 .debug_loc     0x0000000000000580       0xb0 build/bitmap.o
 .debug_loc     0x0000000000000630      0x3c8 build/memory.o
 .debug_loc     0x00000000000009f8      0x2ec build/thread.o
 .debug_loc     0x0000000000000ce4      0x1b8 build/list.o
 .debug_loc     0x0000000000000e9c        0x0 build/switch.o
 .debug_loc     0x0000000000000e9c      0x108 build/sync.o
 .debug_loc     0x0000000000000fa4      0x108 build/console.o
 .debug_loc     0x00000000000010ac       0x84 build/keyboard.o
 .debug_loc     0x0000000000001130      0x160 build/ioqueue.o
 .debug_loc     0x0000000000001290       0x84 build/tss.o
 .debug_loc     0x0000000000001314      0x108 build/process.o
 .debug_loc     0x000000000000141c       0x58 build/syscall-init.o
 .debug_loc     0x0000000000001474      0x3c8 build/syscall.o
 .debug_loc     0x000000000000183c       0xb0 build/stdio.o
 .debug_loc     0x00000000000018ec      0x318 build/ide.o
 .debug_loc     0x0000000000001c04       0x2c build/stdio-kernel.o
 .debug_loc     0x0000000000001c30      0x44c build/fs.o
 .debug_loc     0x000000000000207c      0x1b8 build/dir.o
 .debug_loc     0x0000000000002234      0x1b8 build/file.o
 .debug_loc     0x00000000000023ec      0x134 build/inode.o
 .debug_loc     0x0000000000002520      0x108 build/fork.o
 .debug_loc     0x0000000000002628       0xb0 build/shell.o
 .debug_loc     0x00000000000026d8       0x2c build/assert.o
 .debug_loc     0x0000000000002704      0x1b8 build/buildin_cmd.o

.debug_macinfo
 *(.debug_macinfo)

.debug_weaknames
 *(.debug_weaknames)

.debug_funcnames
 *(.debug_funcnames)

.debug_typenames
 *(.debug_typenames)

.debug_varnames
 *(.debug_varnames)

.debug_pubtypes
 *(.debug_pubtypes)

.debug_ranges   0x0000000000000000       0x68
 *(.debug_ranges)
 .debug_ranges  0x0000000000000000       0x30 build/keyboard.o
 .debug_ranges  0x0000000000000030       0x38 build/dir.o

.debug_addr
 *(.debug_addr)

.debug_line_str
 *(.debug_line_str)

.debug_loclists
 *(.debug_loclists)

.debug_macro
 *(.debug_macro)

.debug_names
 *(.debug_names)

.debug_rnglists
 *(.debug_rnglists)

.debug_str_offsets
 *(.debug_str_offsets)

.debug_sup
 *(.debug_sup)

.gnu.attributes
 *(.gnu.attributes)

/DISCARD/
 *(.note.GNU-stack)
 *(.gnu_debuglink)
 *(.gnu.lto_*)
OUTPUT(build/kernel.bin elf32-i386)
