
分配公共符号
公共符号            大小              文件

kbd_buf             0x6c              build/keyboard.o
root_dir            0x208             build/dir.o
thread_all_list     0x10              build/thread.o
user_pool           0x2c              build/memory.o
channel_cnt         0x1               build/ide.o
cur_part            0x4               build/fs.o
k_block_descs       0xa8              build/memory.o
idle_thread         0x4               build/thread.o
thread_read_list    0x10              build/thread.o
intr_name           0x204             build/interrupt.o
main_thread         0x4               build/thread.o
channels            0xcc0             build/ide.o
ticks               0x4               build/timer.o
kernel_vaddr        0xc               build/memory.o
syscall_table       0x80              build/syscall-init.o
idt_table           0x204             build/interrupt.o
file_table          0x180             build/file.o
partition_list      0x10              build/ide.o
kernel_pool         0x2c              build/memory.o
pid_lock            0x1c              build/thread.o

舍弃的输入节

 .note.GNU-stack
                0x0000000000000000        0x0 build/mian.o
 .note.GNU-stack
                0x0000000000000000        0x0 build/init.o
 .note.GNU-stack
                0x0000000000000000        0x0 build/interrupt.o
 .note.GNU-stack
                0x0000000000000000        0x0 build/timer.o
 .note.GNU-stack
                0x0000000000000000        0x0 build/debug.o
 .note.GNU-stack
                0x0000000000000000        0x0 build/string.o
 .note.GNU-stack
                0x0000000000000000        0x0 build/bitmap.o
 .note.GNU-stack
                0x0000000000000000        0x0 build/memory.o
 .note.GNU-stack
                0x0000000000000000        0x0 build/thread.o
 .note.GNU-stack
                0x0000000000000000        0x0 build/list.o
 .note.GNU-stack
                0x0000000000000000        0x0 build/sync.o
 .note.GNU-stack
                0x0000000000000000        0x0 build/console.o
 .note.GNU-stack
                0x0000000000000000        0x0 build/keyboard.o
 .note.GNU-stack
                0x0000000000000000        0x0 build/ioqueue.o
 .note.GNU-stack
                0x0000000000000000        0x0 build/tss.o
 .note.GNU-stack
                0x0000000000000000        0x0 build/process.o
 .note.GNU-stack
                0x0000000000000000        0x0 build/syscall-init.o
 .note.GNU-stack
                0x0000000000000000        0x0 build/syscall.o
 .note.GNU-stack
                0x0000000000000000        0x0 build/stdio.o
 .note.GNU-stack
                0x0000000000000000        0x0 build/ide.o
 .note.GNU-stack
                0x0000000000000000        0x0 build/stdio-kernel.o
 .note.GNU-stack
                0x0000000000000000        0x0 build/fs.o
 .note.GNU-stack
                0x0000000000000000        0x0 build/dir.o
 .note.GNU-stack
                0x0000000000000000        0x0 build/file.o
 .note.GNU-stack
                0x0000000000000000        0x0 build/inode.o

内存配置

名称           来源             长度             属性
*default*        0x0000000000000000 0xffffffffffffffff

链结器命令稿和内存映射

段 .text 的地址设置为 0xc0001500
LOAD build/mian.o
LOAD build/init.o
LOAD build/interrupt.o
LOAD build/timer.o
LOAD build/print.o
LOAD build/kernel.o
LOAD build/debug.o
LOAD build/string.o
LOAD build/bitmap.o
LOAD build/memory.o
LOAD build/thread.o
LOAD build/list.o
LOAD build/switch.o
LOAD build/sync.o
LOAD build/console.o
LOAD build/keyboard.o
LOAD build/ioqueue.o
LOAD build/tss.o
LOAD build/process.o
LOAD build/syscall-init.o
LOAD build/syscall.o
LOAD build/stdio.o
LOAD build/ide.o
LOAD build/stdio-kernel.o
LOAD build/fs.o
LOAD build/dir.o
LOAD build/file.o
LOAD build/inode.o
                [!provide]                        PROVIDE (__executable_start = SEGMENT_START ("text-segment", 0x8048000))
                0x00000000080480d4                . = (SEGMENT_START ("text-segment", 0x8048000) + SIZEOF_HEADERS)

.interp
 *(.interp)

.note.gnu.build-id
 *(.note.gnu.build-id)

.hash
 *(.hash)

.gnu.hash
 *(.gnu.hash)

.dynsym
 *(.dynsym)

.dynstr
 *(.dynstr)

.gnu.version
 *(.gnu.version)

.gnu.version_d
 *(.gnu.version_d)

.gnu.version_r
 *(.gnu.version_r)

.rel.dyn        0x00000000080480d4        0x0
 *(.rel.init)
 *(.rel.text .rel.text.* .rel.gnu.linkonce.t.*)
 .rel.text      0x00000000080480d4        0x0 build/mian.o
 *(.rel.fini)
 *(.rel.rodata .rel.rodata.* .rel.gnu.linkonce.r.*)
 *(.rel.data.rel.ro .rel.data.rel.ro.* .rel.gnu.linkonce.d.rel.ro.*)
 *(.rel.data .rel.data.* .rel.gnu.linkonce.d.*)
 *(.rel.tdata .rel.tdata.* .rel.gnu.linkonce.td.*)
 *(.rel.tbss .rel.tbss.* .rel.gnu.linkonce.tb.*)
 *(.rel.ctors)
 *(.rel.dtors)
 *(.rel.got)
 .rel.got       0x00000000080480d4        0x0 build/mian.o
 *(.rel.bss .rel.bss.* .rel.gnu.linkonce.b.*)
 *(.rel.ifunc)

.rel.plt        0x00000000080480d4        0x0
 *(.rel.plt)
                [!provide]                        PROVIDE (__rel_iplt_start = .)
 *(.rel.iplt)
 .rel.iplt      0x00000000080480d4        0x0 build/mian.o
                [!provide]                        PROVIDE (__rel_iplt_end = .)

.relr.dyn
 *(.relr.dyn)
                0x0000000008049000                . = ALIGN (CONSTANT (MAXPAGESIZE))

.init
 *(SORT_NONE(.init))

.plt            0x0000000008049000        0x0
 *(.plt)
 *(.iplt)
 .iplt          0x0000000008049000        0x0 build/mian.o

.plt.got
 *(.plt.got)

.plt.sec
 *(.plt.sec)

.text           0x00000000c0001500     0x8454
 *(.text.unlikely .text.*_unlikely .text.unlikely.*)
 *(.text.exit .text.exit.*)
 *(.text.startup .text.startup.*)
 *(.text.hot .text.hot.*)
 *(SORT_BY_NAME(.text.sorted.*))
 *(.text .stub .text.* .gnu.linkonce.t.*)
 .text          0x00000000c0001500      0x4db build/mian.o
                0x00000000c0001500                main
                0x00000000c0001747                k_thread_a
                0x00000000c0001804                k_thread_b
                0x00000000c00018c1                u_prog_a
                0x00000000c000194e                u_prog_b
 .text          0x00000000c00019db       0x46 build/init.o
                0x00000000c00019db                init_all
 .text          0x00000000c0001a21      0x47e build/interrupt.o
                0x00000000c0001d92                register_handler
                0x00000000c0001dae                intr_enable
                0x00000000c0001dd7                intr_disable
                0x00000000c0001e00                intr_set_status
                0x00000000c0001e1e                intr_get_status
                0x00000000c0001e41                idt_init
 .text          0x00000000c0001e9f      0x212 build/timer.o
                0x00000000c0001ff9                mtime_sleep
                0x00000000c0002051                timer_init
 *fill*         0x00000000c00020b1        0xf 
 .text          0x00000000c00020c0      0x172 build/print.o
                0x00000000c00020c0                put_str
                0x00000000c00020de                put_char
                0x00000000c00021ab                put_int
                0x00000000c000220e                set_cursor
 *fill*         0x00000000c0002232        0xe 
 .text          0x00000000c0002240      0x565 build/kernel.o
                0x00000000c0002240                intr_exit
                0x00000000c0002781                syscall_handler
 .text          0x00000000c00027a5       0xa5 build/debug.o
                0x00000000c00027a5                panic_spin
 .text          0x00000000c000284a      0x454 build/string.o
                0x00000000c000284a                memset
                0x00000000c00028a6                memcpy
                0x00000000c000290e                memcmp
                0x00000000c00029a4                strcpy
                0x00000000c0002a07                strlen
                0x00000000c0002a61                strcmp
                0x00000000c0002ae8                strchr
                0x00000000c0002b4e                strrchr
                0x00000000c0002bb7                strcat
                0x00000000c0002c31                strchrs
 .text          0x00000000c0002c9e      0x270 build/bitmap.o
                0x00000000c0002c9e                bitmap_init
                0x00000000c0002cc5                bitmap_scan_test
                0x00000000c0002d07                bitmap_scan
                0x00000000c0002e55                bitmap_set
 .text          0x00000000c0002f0e     0x10fb build/memory.o
                0x00000000c0003034                pte_ptr
                0x00000000c0003065                pde_ptr
                0x00000000c0003217                malloc_page
                0x00000000c00032e1                get_kernel_pages
                0x00000000c000333d                get_user_pages
                0x00000000c0003393                get_a_page
                0x00000000c000350f                addr_v2p
                0x00000000c00036f5                block_desc_init
                0x00000000c000379a                sys_malloc
                0x00000000c0003aaa                pfree
                0x00000000c0003bf2                mfree_page
                0x00000000c0003dc7                sys_free
                0x00000000c0003fc8                mem_init
 .text          0x00000000c0004009      0x70d build/thread.o
                0x00000000c000401f                running_thread
                0x00000000c0004081                thread_create
                0x00000000c00040f7                init_thread
                0x00000000c00041e1                thread_start
                0x00000000c000435c                thread_block
                0x00000000c00043c3                thread_unblock
                0x00000000c00044ce                schedule
                0x00000000c000461e                thread_yield
                0x00000000c00046a4                thread_init
 .text          0x00000000c0004716      0x1e4 build/list.o
                0x00000000c0004716                list_init
                0x00000000c0004743                list_insert_before
                0x00000000c0004784                list_push
                0x00000000c00047a1                list_append
                0x00000000c00047be                list_remove
                0x00000000c00047f4                list_pop
                0x00000000c0004813                elem_find
                0x00000000c000484e                list_traversal
                0x00000000c00048ac                list_len
                0x00000000c00048e1                list_empty
 *fill*         0x00000000c00048fa        0x6 
 .text          0x00000000c0004900       0x15 build/switch.o
                0x00000000c0004900                switch_to
 .text          0x00000000c0004915      0x347 build/sync.o
                0x00000000c0004915                sema_init
                0x00000000c000493a                lock_init
                0x00000000c000496b                sema_down
                0x00000000c0004a7f                sema_up
                0x00000000c0004b35                lock_acquire
                0x00000000c0004bb1                lock_release
 .text          0x00000000c0004c5c       0x9a build/console.o
                0x00000000c0004c5c                console_init
                0x00000000c0004c70                console_acquire
                0x00000000c0004c84                console_release
                0x00000000c0004c98                console_put_str
                0x00000000c0004cb5                console_put_char
                0x00000000c0004cd9                console_put_int
 .text          0x00000000c0004cf6      0x2ca build/keyboard.o
                0x00000000c0004f80                keyboard_init
 .text          0x00000000c0004fc0      0x2f4 build/ioqueue.o
                0x00000000c0004fc0                ioqueue_init
                0x00000000c000501d                ioq_full
                0x00000000c000506e                ioq_empty
                0x00000000c0005156                ioq_getchar
                0x00000000c0005204                ioq_putchar
 .text          0x00000000c00052b4      0x1a1 build/tss.o
                0x00000000c00052b4                update_tss_esp
                0x00000000c0005327                tss_init
 .text          0x00000000c0005455      0x367 build/process.o
                0x00000000c0005455                start_process
                0x00000000c000555b                page_dir_activate
                0x00000000c000558b                process_activate
                0x00000000c00055dd                create_page_dir
                0x00000000c000564e                create_user_vaddr_bitmap
                0x00000000c0005692                process_execute
 .text          0x00000000c00057bc       0x5a build/syscall-init.o
                0x00000000c00057bc                sys_getpid
                0x00000000c00057ce                syscall_init
 .text          0x00000000c0005816       0x73 build/syscall.o
                0x00000000c0005816                getpid
                0x00000000c000582b                write
                0x00000000c000584e                malloc
                0x00000000c000586d                free
 .text          0x00000000c0005889      0x2ba build/stdio.o
                0x00000000c000590f                vsprintf
                0x00000000c0005a93                sprintf
                0x00000000c0005ac7                printf
 .text          0x00000000c0005b43      0xe15 build/ide.o
                0x00000000c0005e5d                ide_read
                0x00000000c0005fef                ide_write
                0x00000000c0006181                intr_hd_handler
                0x00000000c0006746                ide_init
 .text          0x00000000c0006958       0x62 build/stdio-kernel.o
                0x00000000c0006958                printk
 .text          0x00000000c00069ba     0x1311 build/fs.o
                0x00000000c000711a                pathr_depth_cnt
                0x00000000c0007442                file_open
                0x00000000c000754b                file_close
                0x00000000c000758a                sys_open
                0x00000000c0007833                sys_close
                0x00000000c0007888                sys_write
                0x00000000c0007972                sys_read
                0x00000000c00079f3                sys_lseek
                0x00000000c0007adb                filesys_init
 .text          0x00000000c0007ccb      0x785 build/dir.o
                0x00000000c0007ccb                open_root_dir
                0x00000000c0007cfa                dir_open
                0x00000000c0007d35                search_dir_entry
                0x00000000c0007f05                dir_close
                0x00000000c0007f31                create_dir_entry
                0x00000000c0007fa7                sync_dir_entry
 .text          0x00000000c0008450     0x10d6 build/file.o
                0x00000000c0008450                get_free_slot_in_global
                0x00000000c00084a0                pcb_fd_install
                0x00000000c0008503                inode_bitmap_alloc
                0x00000000c0008551                block_bitmap_alloc
                0x00000000c00085ab                bitmap_sync
                0x00000000c0008636                file_create
                0x00000000c0008905                file_write
                0x00000000c000914d                file_read
 .text          0x00000000c0009526      0x42e build/inode.o
                0x00000000c00095ca                inode_sync
                0x00000000c000973b                inode_open
                0x00000000c0009894                inode_close
                0x00000000c0009905                inode_init
 *(.gnu.warning)

.fini
 *(SORT_NONE(.fini))
                [!provide]                        PROVIDE (__etext = .)
                [!provide]                        PROVIDE (_etext = .)
                [!provide]                        PROVIDE (etext = .)
                0x00000000c000a000                . = ALIGN (CONSTANT (MAXPAGESIZE))
                0x00000000c000a000                . = SEGMENT_START ("rodata-segment", (ALIGN (CONSTANT (MAXPAGESIZE)) + (. & (CONSTANT (MAXPAGESIZE) - 0x1))))

.rodata         0x00000000c000a000     0x1bfb
 *(.rodata .rodata.* .gnu.linkonce.r.*)
 .rodata        0x00000000c000a000      0x150 build/mian.o
 .rodata        0x00000000c000a150        0xa build/init.o
 *fill*         0x00000000c000a15a        0x2 
 .rodata        0x00000000c000a15c      0x2dd build/interrupt.o
 *fill*         0x00000000c000a439        0x3 
 .rodata        0x00000000c000a43c       0x87 build/timer.o
 *fill*         0x00000000c000a4c3        0x1 
 .rodata        0x00000000c000a4c4       0x4e build/debug.o
 .rodata        0x00000000c000a512       0xb9 build/string.o
 *fill*         0x00000000c000a5cb        0x1 
 .rodata        0x00000000c000a5cc       0x68 build/bitmap.o
 .rodata        0x00000000c000a634      0x39f build/memory.o
 *fill*         0x00000000c000a9d3        0x1 
 .rodata        0x00000000c000a9d4      0x2b0 build/thread.o
 .rodata        0x00000000c000ac84      0x12f build/sync.o
 .rodata        0x00000000c000adb3       0x36 build/keyboard.o
 *fill*         0x00000000c000ade9        0x3 
 .rodata        0x00000000c000adec       0x9e build/ioqueue.o
 .rodata        0x00000000c000ae8a       0x27 build/tss.o
 *fill*         0x00000000c000aeb1        0x3 
 .rodata        0x00000000c000aeb4       0xd9 build/process.o
 .rodata        0x00000000c000af8d       0x27 build/syscall-init.o
 .rodata        0x00000000c000afb4      0x20d build/ide.o
 *fill*         0x00000000c000b1c1        0x3 
 .rodata        0x00000000c000b1c4      0x4b3 build/fs.o
 *fill*         0x00000000c000b677        0x1 
 .rodata        0x00000000c000b678      0x128 build/dir.o
 .rodata        0x00000000c000b7a0      0x3f0 build/file.o
 .rodata        0x00000000c000bb90       0x6b build/inode.o

.rodata1
 *(.rodata1)

.eh_frame_hdr
 *(.eh_frame_hdr)
 *(.eh_frame_entry .eh_frame_entry.*)

.eh_frame
 *(.eh_frame)
 *(.eh_frame.*)

.gcc_except_table
 *(.gcc_except_table .gcc_except_table.*)

.gnu_extab
 *(.gnu_extab*)

.exception_ranges
 *(.exception_ranges*)
                0x00000000c000c000                . = DATA_SEGMENT_ALIGN (CONSTANT (MAXPAGESIZE), CONSTANT (COMMONPAGESIZE))

.eh_frame
 *(.eh_frame)
 *(.eh_frame.*)

.gnu_extab
 *(.gnu_extab)

.gcc_except_table
 *(.gcc_except_table .gcc_except_table.*)

.exception_ranges
 *(.exception_ranges*)

.tdata          0x00000000c000c000        0x0
                [!provide]                        PROVIDE (__tdata_start = .)
 *(.tdata .tdata.* .gnu.linkonce.td.*)

.tbss
 *(.tbss .tbss.* .gnu.linkonce.tb.*)
 *(.tcommon)

.preinit_array  0x00000000c000c000        0x0
                [!provide]                        PROVIDE (__preinit_array_start = .)
 *(.preinit_array)
                [!provide]                        PROVIDE (__preinit_array_end = .)

.init_array     0x00000000c000c000        0x0
                [!provide]                        PROVIDE (__init_array_start = .)
 *(SORT_BY_INIT_PRIORITY(.init_array.*) SORT_BY_INIT_PRIORITY(.ctors.*))
 *(.init_array EXCLUDE_FILE(*crtend?.o *crtend.o *crtbegin?.o *crtbegin.o) .ctors)
                [!provide]                        PROVIDE (__init_array_end = .)

.fini_array     0x00000000c000c000        0x0
                [!provide]                        PROVIDE (__fini_array_start = .)
 *(SORT_BY_INIT_PRIORITY(.fini_array.*) SORT_BY_INIT_PRIORITY(.dtors.*))
 *(.fini_array EXCLUDE_FILE(*crtend?.o *crtend.o *crtbegin?.o *crtbegin.o) .dtors)
                [!provide]                        PROVIDE (__fini_array_end = .)

.ctors
 *crtbegin.o(.ctors)
 *crtbegin?.o(.ctors)
 *(EXCLUDE_FILE(*crtend?.o *crtend.o) .ctors)
 *(SORT_BY_NAME(.ctors.*))
 *(.ctors)

.dtors
 *crtbegin.o(.dtors)
 *crtbegin?.o(.dtors)
 *(EXCLUDE_FILE(*crtend?.o *crtend.o) .dtors)
 *(SORT_BY_NAME(.dtors.*))
 *(.dtors)

.jcr
 *(.jcr)

.data.rel.ro
 *(.data.rel.ro.local* .gnu.linkonce.d.rel.ro.local.*)
 *(.data.rel.ro .data.rel.ro.* .gnu.linkonce.d.rel.ro.*)

.dynamic
 *(.dynamic)

.got            0x00000000c000c000        0x0
 *(.got)
 .got           0x00000000c000c000        0x0 build/mian.o
 *(.igot)
                0x00000000c000c000                . = DATA_SEGMENT_RELRO_END (., (SIZEOF (.got.plt) >= 0xc)?0xc:0x0)

.got.plt        0x00000000c000c000        0x0
 *(.got.plt)
 .got.plt       0x00000000c000c000        0x0 build/mian.o
 *(.igot.plt)
 .igot.plt      0x00000000c000c000        0x0 build/mian.o

.data           0x00000000c000c000      0x156
 *(.data .data.* .gnu.linkonce.d.*)
 .data          0x00000000c000c000        0x0 build/mian.o
 .data          0x00000000c000c000        0x0 build/init.o
 .data          0x00000000c000c000        0x0 build/interrupt.o
 .data          0x00000000c000c000        0x0 build/timer.o
 .data          0x00000000c000c000        0x8 build/print.o
 .data          0x00000000c000c008       0xc0 build/kernel.o
                0x00000000c000c008                inter_entry_table
 .data          0x00000000c000c0c8        0x0 build/debug.o
 .data          0x00000000c000c0c8        0x0 build/string.o
 .data          0x00000000c000c0c8        0x0 build/bitmap.o
 .data          0x00000000c000c0c8        0x0 build/memory.o
 .data          0x00000000c000c0c8        0x0 build/thread.o
 .data          0x00000000c000c0c8        0x0 build/list.o
 .data          0x00000000c000c0c8        0x0 build/sync.o
 .data          0x00000000c000c0c8        0x0 build/console.o
 *fill*         0x00000000c000c0c8       0x18 
 .data          0x00000000c000c0e0       0x76 build/keyboard.o
 .data          0x00000000c000c156        0x0 build/ioqueue.o
 .data          0x00000000c000c156        0x0 build/tss.o
 .data          0x00000000c000c156        0x0 build/process.o
 .data          0x00000000c000c156        0x0 build/syscall-init.o
 .data          0x00000000c000c156        0x0 build/syscall.o
 .data          0x00000000c000c156        0x0 build/stdio.o
 .data          0x00000000c000c156        0x0 build/ide.o
 .data          0x00000000c000c156        0x0 build/stdio-kernel.o
 .data          0x00000000c000c156        0x0 build/fs.o
 .data          0x00000000c000c156        0x0 build/dir.o
 .data          0x00000000c000c156        0x0 build/file.o
 .data          0x00000000c000c156        0x0 build/inode.o

.data1
 *(.data1)
                0x00000000c000c156                _edata = .
                [!provide]                        PROVIDE (edata = .)
                0x00000000c000c156                . = .
                0x00000000c000c156                __bss_start = .

.bss            0x00000000c000c160     0x1c20
 *(.dynbss)
 *(.bss .bss.* .gnu.linkonce.b.*)
 .bss           0x00000000c000c160        0x0 build/mian.o
 .bss           0x00000000c000c160        0x0 build/init.o
 .bss           0x00000000c000c160      0x408 build/interrupt.o
 .bss           0x00000000c000c568        0x0 build/timer.o
 .bss           0x00000000c000c568        0x0 build/debug.o
 .bss           0x00000000c000c568        0x0 build/string.o
 .bss           0x00000000c000c568        0x0 build/bitmap.o
 .bss           0x00000000c000c568        0x0 build/memory.o
 .bss           0x00000000c000c568        0x6 build/thread.o
 .bss           0x00000000c000c56e        0x0 build/list.o
 .bss           0x00000000c000c56e        0x0 build/sync.o
 *fill*         0x00000000c000c56e        0x2 
 .bss           0x00000000c000c570       0x1c build/console.o
 .bss           0x00000000c000c58c       0x14 build/keyboard.o
 .bss           0x00000000c000c5a0        0x0 build/ioqueue.o
 .bss           0x00000000c000c5a0       0x6c build/tss.o
 .bss           0x00000000c000c60c        0x0 build/process.o
 .bss           0x00000000c000c60c        0x0 build/syscall-init.o
 .bss           0x00000000c000c60c        0x0 build/syscall.o
 .bss           0x00000000c000c60c        0x0 build/stdio.o
 .bss           0x00000000c000c60c        0x6 build/ide.o
                0x00000000c000c60c                ext_lba_base
                0x00000000c000c610                p_no
                0x00000000c000c611                l_no
 .bss           0x00000000c000c612        0x0 build/stdio-kernel.o
 .bss           0x00000000c000c612        0x0 build/fs.o
 .bss           0x00000000c000c612        0x0 build/dir.o
 .bss           0x00000000c000c612        0x0 build/file.o
 .bss           0x00000000c000c612        0x0 build/inode.o
 *(COMMON)
 *fill*         0x00000000c000c612        0xe 
 COMMON         0x00000000c000c620      0x424 build/interrupt.o
                0x00000000c000c620                intr_name
                0x00000000c000c840                idt_table
 COMMON         0x00000000c000ca44        0x4 build/timer.o
                0x00000000c000ca44                ticks
 *fill*         0x00000000c000ca48       0x18 
 COMMON         0x00000000c000ca60      0x12c build/memory.o
                0x00000000c000ca60                user_pool
                0x00000000c000caa0                k_block_descs
                0x00000000c000cb48                kernel_vaddr
                0x00000000c000cb60                kernel_pool
 COMMON         0x00000000c000cb8c       0x44 build/thread.o
                0x00000000c000cb8c                thread_all_list
                0x00000000c000cb9c                idle_thread
                0x00000000c000cba0                thread_read_list
                0x00000000c000cbb0                main_thread
                0x00000000c000cbb4                pid_lock
 *fill*         0x00000000c000cbd0       0x10 
 COMMON         0x00000000c000cbe0       0x6c build/keyboard.o
                0x00000000c000cbe0                kbd_buf
 *fill*         0x00000000c000cc4c       0x14 
 COMMON         0x00000000c000cc60       0x80 build/syscall-init.o
                0x00000000c000cc60                syscall_table
 COMMON         0x00000000c000cce0      0xcf0 build/ide.o
                0x00000000c000cce0                channel_cnt
                0x00000000c000cd00                channels
                0x00000000c000d9c0                partition_list
 COMMON         0x00000000c000d9d0        0x4 build/fs.o
                0x00000000c000d9d0                cur_part
 *fill*         0x00000000c000d9d4        0xc 
 COMMON         0x00000000c000d9e0      0x208 build/dir.o
                0x00000000c000d9e0                root_dir
 *fill*         0x00000000c000dbe8       0x18 
 COMMON         0x00000000c000dc00      0x180 build/file.o
                0x00000000c000dc00                file_table
                0x00000000c000dd80                . = ALIGN ((. != 0x0)?0x4:0x1)
                0x00000000c000dd80                . = ALIGN (0x4)
                0x00000000c000dd80                . = SEGMENT_START ("ldata-segment", .)
                0x00000000c000dd80                . = ALIGN (0x4)
                0x00000000c000dd80                _end = .
                [!provide]                        PROVIDE (end = .)
                0x00000000c000dd80                . = DATA_SEGMENT_END (.)

.stab
 *(.stab)

.stabstr
 *(.stabstr)

.stab.excl
 *(.stab.excl)

.stab.exclstr
 *(.stab.exclstr)

.stab.index
 *(.stab.index)

.stab.indexstr
 *(.stab.indexstr)

.comment        0x0000000000000000       0x2a
 *(.comment)
 .comment       0x0000000000000000       0x2a build/mian.o
                                         0x2b (松开之前的大小)
 .comment       0x000000000000002a       0x2b build/init.o
 .comment       0x000000000000002a       0x2b build/interrupt.o
 .comment       0x000000000000002a       0x2b build/timer.o
 .comment       0x000000000000002a       0x2b build/debug.o
 .comment       0x000000000000002a       0x2b build/string.o
 .comment       0x000000000000002a       0x2b build/bitmap.o
 .comment       0x000000000000002a       0x2b build/memory.o
 .comment       0x000000000000002a       0x2b build/thread.o
 .comment       0x000000000000002a       0x2b build/list.o
 .comment       0x000000000000002a       0x2b build/sync.o
 .comment       0x000000000000002a       0x2b build/console.o
 .comment       0x000000000000002a       0x2b build/keyboard.o
 .comment       0x000000000000002a       0x2b build/ioqueue.o
 .comment       0x000000000000002a       0x2b build/tss.o
 .comment       0x000000000000002a       0x2b build/process.o
 .comment       0x000000000000002a       0x2b build/syscall-init.o
 .comment       0x000000000000002a       0x2b build/syscall.o
 .comment       0x000000000000002a       0x2b build/stdio.o
 .comment       0x000000000000002a       0x2b build/ide.o
 .comment       0x000000000000002a       0x2b build/stdio-kernel.o
 .comment       0x000000000000002a       0x2b build/fs.o
 .comment       0x000000000000002a       0x2b build/dir.o
 .comment       0x000000000000002a       0x2b build/file.o
 .comment       0x000000000000002a       0x2b build/inode.o

.gnu.build.attributes
 *(.gnu.build.attributes .gnu.build.attributes.*)

.debug
 *(.debug)

.line
 *(.line)

.debug_srcinfo
 *(.debug_srcinfo)

.debug_sfnames
 *(.debug_sfnames)

.debug_aranges  0x0000000000000000      0x380
 *(.debug_aranges)
 .debug_aranges
                0x0000000000000000       0x20 build/mian.o
 .debug_aranges
                0x0000000000000020       0x20 build/init.o
 .debug_aranges
                0x0000000000000040       0x20 build/interrupt.o
 .debug_aranges
                0x0000000000000060       0x20 build/timer.o
 .debug_aranges
                0x0000000000000080       0x20 build/print.o
 .debug_aranges
                0x00000000000000a0       0x20 build/kernel.o
 .debug_aranges
                0x00000000000000c0       0x20 build/debug.o
 .debug_aranges
                0x00000000000000e0       0x20 build/string.o
 .debug_aranges
                0x0000000000000100       0x20 build/bitmap.o
 .debug_aranges
                0x0000000000000120       0x20 build/memory.o
 .debug_aranges
                0x0000000000000140       0x20 build/thread.o
 .debug_aranges
                0x0000000000000160       0x20 build/list.o
 .debug_aranges
                0x0000000000000180       0x20 build/switch.o
 .debug_aranges
                0x00000000000001a0       0x20 build/sync.o
 .debug_aranges
                0x00000000000001c0       0x20 build/console.o
 .debug_aranges
                0x00000000000001e0       0x20 build/keyboard.o
 .debug_aranges
                0x0000000000000200       0x20 build/ioqueue.o
 .debug_aranges
                0x0000000000000220       0x20 build/tss.o
 .debug_aranges
                0x0000000000000240       0x20 build/process.o
 .debug_aranges
                0x0000000000000260       0x20 build/syscall-init.o
 .debug_aranges
                0x0000000000000280       0x20 build/syscall.o
 .debug_aranges
                0x00000000000002a0       0x20 build/stdio.o
 .debug_aranges
                0x00000000000002c0       0x20 build/ide.o
 .debug_aranges
                0x00000000000002e0       0x20 build/stdio-kernel.o
 .debug_aranges
                0x0000000000000300       0x20 build/fs.o
 .debug_aranges
                0x0000000000000320       0x20 build/dir.o
 .debug_aranges
                0x0000000000000340       0x20 build/file.o
 .debug_aranges
                0x0000000000000360       0x20 build/inode.o

.debug_pubnames
                0x0000000000000000      0xaf4
 *(.debug_pubnames)
 .debug_pubnames
                0x0000000000000000       0x53 build/mian.o
 .debug_pubnames
                0x0000000000000053       0x1f build/init.o
 .debug_pubnames
                0x0000000000000072       0x99 build/interrupt.o
 .debug_pubnames
                0x000000000000010b       0x3b build/timer.o
 .debug_pubnames
                0x0000000000000146        0x0 build/print.o
 .debug_pubnames
                0x0000000000000146        0x0 build/kernel.o
 .debug_pubnames
                0x0000000000000146       0x21 build/debug.o
 .debug_pubnames
                0x0000000000000167       0x82 build/string.o
 .debug_pubnames
                0x00000000000001e9       0x56 build/bitmap.o
 .debug_pubnames
                0x000000000000023f      0x115 build/memory.o
 .debug_pubnames
                0x0000000000000354      0x100 build/thread.o
 .debug_pubnames
                0x0000000000000454       0xaf build/list.o
 .debug_pubnames
                0x0000000000000503        0x0 build/switch.o
 .debug_pubnames
                0x0000000000000503       0x6a build/sync.o
 .debug_pubnames
                0x000000000000056d       0x88 build/console.o
 .debug_pubnames
                0x00000000000005f5       0x30 build/keyboard.o
 .debug_pubnames
                0x0000000000000625       0x5e build/ioqueue.o
 .debug_pubnames
                0x0000000000000683       0x32 build/tss.o
 .debug_pubnames
                0x00000000000006b5       0x94 build/process.o
 .debug_pubnames
                0x0000000000000749       0x44 build/syscall-init.o
 .debug_pubnames
                0x000000000000078d       0x3b build/syscall.o
 .debug_pubnames
                0x00000000000007c8       0x36 build/stdio.o
 .debug_pubnames
                0x00000000000007fe       0xa1 build/ide.o
 .debug_pubnames
                0x000000000000089f       0x1d build/stdio-kernel.o
 .debug_pubnames
                0x00000000000008bc       0xa5 build/fs.o
 .debug_pubnames
                0x0000000000000961       0x89 build/dir.o
 .debug_pubnames
                0x00000000000009ea       0xbb build/file.o
 .debug_pubnames
                0x0000000000000aa5       0x4f build/inode.o

.debug_info     0x0000000000000000     0x8f82
 *(.debug_info .gnu.linkonce.wi.*)
 .debug_info    0x0000000000000000      0x272 build/mian.o
 .debug_info    0x0000000000000272       0x7d build/init.o
 .debug_info    0x00000000000002ef      0x3ca build/interrupt.o
 .debug_info    0x00000000000006b9      0x468 build/timer.o
 .debug_info    0x0000000000000b21       0x44 build/print.o
 .debug_info    0x0000000000000b65       0x41 build/kernel.o
 .debug_info    0x0000000000000ba6       0xc8 build/debug.o
 .debug_info    0x0000000000000c6e      0x485 build/string.o
 .debug_info    0x00000000000010f3      0x274 build/bitmap.o
 .debug_info    0x0000000000001367      0xd36 build/memory.o
 .debug_info    0x000000000000209d      0x7f9 build/thread.o
 .debug_info    0x0000000000002896      0x35c build/list.o
 .debug_info    0x0000000000002bf2       0x41 build/switch.o
 .debug_info    0x0000000000002c33      0x501 build/sync.o
 .debug_info    0x0000000000003134      0x3f4 build/console.o
 .debug_info    0x0000000000003528      0x525 build/keyboard.o
 .debug_info    0x0000000000003a4d      0x5e3 build/ioqueue.o
 .debug_info    0x0000000000004030      0x5aa build/tss.o
 .debug_info    0x00000000000045da      0x5e5 build/process.o
 .debug_info    0x0000000000004bbf       0xf5 build/syscall-init.o
 .debug_info    0x0000000000004cb4      0x1b7 build/syscall.o
 .debug_info    0x0000000000004e6b      0x245 build/stdio.o
 .debug_info    0x00000000000050b0      0xe46 build/ide.o
 .debug_info    0x0000000000005ef6       0xdb build/stdio-kernel.o
 .debug_info    0x0000000000005fd1     0x1027 build/fs.o
 .debug_info    0x0000000000006ff8      0xa1b build/dir.o
 .debug_info    0x0000000000007a13      0xc57 build/file.o
 .debug_info    0x000000000000866a      0x918 build/inode.o

.debug_abbrev   0x0000000000000000     0x1d6c
 *(.debug_abbrev)
 .debug_abbrev  0x0000000000000000       0xe3 build/mian.o
 .debug_abbrev  0x00000000000000e3       0x48 build/init.o
 .debug_abbrev  0x000000000000012b      0x148 build/interrupt.o
 .debug_abbrev  0x0000000000000273      0x142 build/timer.o
 .debug_abbrev  0x00000000000003b5       0x1b build/print.o
 .debug_abbrev  0x00000000000003d0       0x1b build/kernel.o
 .debug_abbrev  0x00000000000003eb       0x60 build/debug.o
 .debug_abbrev  0x000000000000044b       0xe7 build/string.o
 .debug_abbrev  0x0000000000000532       0xea build/bitmap.o
 .debug_abbrev  0x000000000000061c      0x208 build/memory.o
 .debug_abbrev  0x0000000000000824      0x198 build/thread.o
 .debug_abbrev  0x00000000000009bc       0xfc build/list.o
 .debug_abbrev  0x0000000000000ab8       0x1b build/switch.o
 .debug_abbrev  0x0000000000000ad3      0x101 build/sync.o
 .debug_abbrev  0x0000000000000bd4      0x108 build/console.o
 .debug_abbrev  0x0000000000000cdc      0x12f build/keyboard.o
 .debug_abbrev  0x0000000000000e0b      0x14c build/ioqueue.o
 .debug_abbrev  0x0000000000000f57      0x122 build/tss.o
 .debug_abbrev  0x0000000000001079      0x13f build/process.o
 .debug_abbrev  0x00000000000011b8       0xae build/syscall-init.o
 .debug_abbrev  0x0000000000001266       0xc8 build/syscall.o
 .debug_abbrev  0x000000000000132e       0xd1 build/stdio.o
 .debug_abbrev  0x00000000000013ff      0x1f8 build/ide.o
 .debug_abbrev  0x00000000000015f7       0xab build/stdio-kernel.o
 .debug_abbrev  0x00000000000016a2      0x226 build/fs.o
 .debug_abbrev  0x00000000000018c8      0x179 build/dir.o
 .debug_abbrev  0x0000000000001a41      0x1c8 build/file.o
 .debug_abbrev  0x0000000000001c09      0x163 build/inode.o

.debug_line     0x0000000000000000     0x1f94
 *(.debug_line .debug_line.* .debug_line_end)
 .debug_line    0x0000000000000000       0xc4 build/mian.o
 .debug_line    0x00000000000000c4       0x49 build/init.o
 .debug_line    0x000000000000010d       0xff build/interrupt.o
 .debug_line    0x000000000000020c       0xd7 build/timer.o
 .debug_line    0x00000000000002e3       0xd1 build/print.o
 .debug_line    0x00000000000003b4      0x359 build/kernel.o
 .debug_line    0x000000000000070d       0x4d build/debug.o
 .debug_line    0x000000000000075a       0xbf build/string.o
 .debug_line    0x0000000000000819       0xa1 build/bitmap.o
 .debug_line    0x00000000000008ba      0x258 build/memory.o
 .debug_line    0x0000000000000b12      0x14e build/thread.o
 .debug_line    0x0000000000000c60       0xb4 build/list.o
 .debug_line    0x0000000000000d14       0x49 build/switch.o
 .debug_line    0x0000000000000d5d       0xf6 build/sync.o
 .debug_line    0x0000000000000e53       0xc0 build/console.o
 .debug_line    0x0000000000000f13      0x13c build/keyboard.o
 .debug_line    0x000000000000104f      0x10c build/ioqueue.o
 .debug_line    0x000000000000115b       0xcb build/tss.o
 .debug_line    0x0000000000001226       0xfe build/process.o
 .debug_line    0x0000000000001324       0x7b build/syscall-init.o
 .debug_line    0x000000000000139f       0x6e build/syscall.o
 .debug_line    0x000000000000140d       0x9c build/stdio.o
 .debug_line    0x00000000000014a9      0x223 build/ide.o
 .debug_line    0x00000000000016cc       0x5e build/stdio-kernel.o
 .debug_line    0x000000000000172a      0x2ce build/fs.o
 .debug_line    0x00000000000019f8      0x1b3 build/dir.o
 .debug_line    0x0000000000001bab      0x299 build/file.o
 .debug_line    0x0000000000001e44      0x150 build/inode.o

.debug_frame    0x0000000000000000     0x1334
 *(.debug_frame)
 .debug_frame   0x0000000000000000       0xa4 build/mian.o
 .debug_frame   0x00000000000000a4       0x2c build/init.o
 .debug_frame   0x00000000000000d0      0x13c build/interrupt.o
 .debug_frame   0x000000000000020c       0xac build/timer.o
 .debug_frame   0x00000000000002b8        0x0 build/print.o
 .debug_frame   0x00000000000002b8        0x0 build/kernel.o
 .debug_frame   0x00000000000002b8       0x2c build/debug.o
 .debug_frame   0x00000000000002e4      0x104 build/string.o
 .debug_frame   0x00000000000003e8       0x88 build/bitmap.o
 .debug_frame   0x0000000000000470      0x20c build/memory.o
 .debug_frame   0x000000000000067c      0x14c build/thread.o
 .debug_frame   0x00000000000007c8      0x104 build/list.o
 *fill*         0x00000000000008cc        0x4 
 .debug_frame   0x00000000000008d0        0x0 build/switch.o
 .debug_frame   0x00000000000008d0       0xac build/sync.o
 .debug_frame   0x000000000000097c       0xa4 build/console.o
 .debug_frame   0x0000000000000a20       0x5c build/keyboard.o
 .debug_frame   0x0000000000000a7c       0xd4 build/ioqueue.o
 .debug_frame   0x0000000000000b50       0x60 build/tss.o
 .debug_frame   0x0000000000000bb0       0xa4 build/process.o
 .debug_frame   0x0000000000000c54       0x44 build/syscall-init.o
 .debug_frame   0x0000000000000c98       0x80 build/syscall.o
 .debug_frame   0x0000000000000d18       0x80 build/stdio.o
 .debug_frame   0x0000000000000d98      0x1d4 build/ide.o
 .debug_frame   0x0000000000000f6c       0x34 build/stdio-kernel.o
 .debug_frame   0x0000000000000fa0      0x184 build/fs.o
 .debug_frame   0x0000000000001124       0xac build/dir.o
 .debug_frame   0x00000000000011d0       0xd8 build/file.o
 .debug_frame   0x00000000000012a8       0x8c build/inode.o

.debug_str      0x0000000000000000     0x1a96
 *(.debug_str)
 .debug_str     0x0000000000000000      0x130 build/mian.o
                                        0x14e (松开之前的大小)
 .debug_str     0x0000000000000130       0x17 build/init.o
                                         0xb0 (松开之前的大小)
 .debug_str     0x0000000000000147      0x1d5 build/interrupt.o
                                        0x290 (松开之前的大小)
 .debug_str     0x000000000000031c      0x213 build/timer.o
                                        0x315 (松开之前的大小)
 .debug_str     0x000000000000052f       0x32 build/debug.o
                                         0xd0 (松开之前的大小)
 .debug_str     0x0000000000000561       0x70 build/string.o
                                        0x135 (松开之前的大小)
 .debug_str     0x00000000000005d1       0x97 build/bitmap.o
                                        0x178 (松开之前的大小)
 .debug_str     0x0000000000000668      0x2b1 build/memory.o
                                        0x59e (松开之前的大小)
 .debug_str     0x0000000000000919      0x143 build/thread.o
                                        0x423 (松开之前的大小)
 .debug_str     0x0000000000000a5c       0x9c build/list.o
                                        0x1a5 (松开之前的大小)
 .debug_str     0x0000000000000af8       0x69 build/sync.o
                                        0x30e (松开之前的大小)
 .debug_str     0x0000000000000b61       0x86 build/console.o
                                        0x2fa (松开之前的大小)
 .debug_str     0x0000000000000be7       0xf3 build/keyboard.o
                                        0x389 (松开之前的大小)
 .debug_str     0x0000000000000cda       0x69 build/ioqueue.o
                                        0x322 (松开之前的大小)
 .debug_str     0x0000000000000d43       0xea build/tss.o
                                        0x368 (松开之前的大小)
 .debug_str     0x0000000000000e2d      0x10e build/process.o
                                        0x3dc (松开之前的大小)
 .debug_str     0x0000000000000f3b       0x7a build/syscall-init.o
                                        0x11c (松开之前的大小)
 .debug_str     0x0000000000000fb5       0x1a build/syscall.o
                                        0x117 (松开之前的大小)
 .debug_str     0x0000000000000fcf       0x61 build/stdio.o
                                        0x13b (松开之前的大小)
 .debug_str     0x0000000000001030      0x381 build/ide.o
                                        0x65a (松开之前的大小)
 .debug_str     0x00000000000013b1       0x1d build/stdio-kernel.o
                                         0xca (松开之前的大小)
 .debug_str     0x00000000000013ce      0x31e build/fs.o
                                        0x834 (松开之前的大小)
 .debug_str     0x00000000000016ec       0xff build/dir.o
                                        0x5e4 (松开之前的大小)
 .debug_str     0x00000000000017eb      0x1d3 build/file.o
                                        0x747 (松开之前的大小)
 .debug_str     0x00000000000019be       0xd8 build/inode.o
                                        0x57d (松开之前的大小)

.debug_loc      0x0000000000000000     0x1e6c
 *(.debug_loc)
 .debug_loc     0x0000000000000000       0xdc build/mian.o
 .debug_loc     0x00000000000000dc       0x2c build/init.o
 .debug_loc     0x0000000000000108      0x210 build/interrupt.o
 .debug_loc     0x0000000000000318      0x108 build/timer.o
 .debug_loc     0x0000000000000420        0x0 build/print.o
 .debug_loc     0x0000000000000420        0x0 build/kernel.o
 .debug_loc     0x0000000000000420       0x2c build/debug.o
 .debug_loc     0x000000000000044c      0x1b8 build/string.o
 .debug_loc     0x0000000000000604       0xb0 build/bitmap.o
 .debug_loc     0x00000000000006b4      0x39c build/memory.o
 .debug_loc     0x0000000000000a50      0x23c build/thread.o
 .debug_loc     0x0000000000000c8c      0x1b8 build/list.o
 .debug_loc     0x0000000000000e44        0x0 build/switch.o
 .debug_loc     0x0000000000000e44      0x108 build/sync.o
 .debug_loc     0x0000000000000f4c      0x108 build/console.o
 .debug_loc     0x0000000000001054       0x84 build/keyboard.o
 .debug_loc     0x00000000000010d8      0x160 build/ioqueue.o
 .debug_loc     0x0000000000001238       0x84 build/tss.o
 .debug_loc     0x00000000000012bc      0x108 build/process.o
 .debug_loc     0x00000000000013c4       0x58 build/syscall-init.o
 .debug_loc     0x000000000000141c       0xb0 build/syscall.o
 .debug_loc     0x00000000000014cc       0xb0 build/stdio.o
 .debug_loc     0x000000000000157c      0x318 build/ide.o
 .debug_loc     0x0000000000001894       0x2c build/stdio-kernel.o
 .debug_loc     0x00000000000018c0      0x268 build/fs.o
 .debug_loc     0x0000000000001b28      0x108 build/dir.o
 .debug_loc     0x0000000000001c30      0x160 build/file.o
 .debug_loc     0x0000000000001d90       0xdc build/inode.o

.debug_macinfo
 *(.debug_macinfo)

.debug_weaknames
 *(.debug_weaknames)

.debug_funcnames
 *(.debug_funcnames)

.debug_typenames
 *(.debug_typenames)

.debug_varnames
 *(.debug_varnames)

.debug_pubtypes
 *(.debug_pubtypes)

.debug_ranges   0x0000000000000000       0x30
 *(.debug_ranges)
 .debug_ranges  0x0000000000000000       0x30 build/keyboard.o

.debug_addr
 *(.debug_addr)

.debug_line_str
 *(.debug_line_str)

.debug_loclists
 *(.debug_loclists)

.debug_macro
 *(.debug_macro)

.debug_names
 *(.debug_names)

.debug_rnglists
 *(.debug_rnglists)

.debug_str_offsets
 *(.debug_str_offsets)

.debug_sup
 *(.debug_sup)

.gnu.attributes
 *(.gnu.attributes)

/DISCARD/
 *(.note.GNU-stack)
 *(.gnu_debuglink)
 *(.gnu.lto_*)
OUTPUT(build/kernel.bin elf32-i386)
