
分配公共符号
公共符号            大小              文件

thread_all_list     0x10              build/thread.o
user_pool           0x10              build/memory.o
thread_read_list    0x10              build/thread.o
intr_name           0x84              build/interrupt.o
main_thread         0x4               build/thread.o
ticks               0x4               build/timer.o
kernel_vaddr        0xc               build/memory.o
idt_table           0x84              build/interrupt.o
kernel_pool         0x10              build/memory.o

舍弃的输入节

 .note.GNU-stack
                0x0000000000000000        0x0 build/mian.o
 .note.GNU-stack
                0x0000000000000000        0x0 build/init.o
 .note.GNU-stack
                0x0000000000000000        0x0 build/interrupt.o
 .note.GNU-stack
                0x0000000000000000        0x0 build/timer.o
 .note.GNU-stack
                0x0000000000000000        0x0 build/debug.o
 .note.GNU-stack
                0x0000000000000000        0x0 build/string.o
 .note.GNU-stack
                0x0000000000000000        0x0 build/bitmap.o
 .note.GNU-stack
                0x0000000000000000        0x0 build/memory.o
 .note.GNU-stack
                0x0000000000000000        0x0 build/thread.o
 .note.GNU-stack
                0x0000000000000000        0x0 build/list.o

内存配置

名称           来源             长度             属性
*default*        0x0000000000000000 0xffffffffffffffff

链结器命令稿和内存映射

段 .text 的地址设置为 0xc0001500
LOAD build/mian.o
LOAD build/init.o
LOAD build/interrupt.o
LOAD build/timer.o
LOAD build/print.o
LOAD build/kernel.o
LOAD build/debug.o
LOAD build/string.o
LOAD build/bitmap.o
LOAD build/memory.o
LOAD build/thread.o
LOAD build/list.o
LOAD build/switch.o
                [!provide]                        PROVIDE (__executable_start = SEGMENT_START ("text-segment", 0x8048000))
                0x00000000080480d4                . = (SEGMENT_START ("text-segment", 0x8048000) + SIZEOF_HEADERS)

.interp
 *(.interp)

.note.gnu.build-id
 *(.note.gnu.build-id)

.hash
 *(.hash)

.gnu.hash
 *(.gnu.hash)

.dynsym
 *(.dynsym)

.dynstr
 *(.dynstr)

.gnu.version
 *(.gnu.version)

.gnu.version_d
 *(.gnu.version_d)

.gnu.version_r
 *(.gnu.version_r)

.rel.dyn        0x00000000080480d4        0x0
 *(.rel.init)
 *(.rel.text .rel.text.* .rel.gnu.linkonce.t.*)
 .rel.text      0x00000000080480d4        0x0 build/mian.o
 *(.rel.fini)
 *(.rel.rodata .rel.rodata.* .rel.gnu.linkonce.r.*)
 *(.rel.data.rel.ro .rel.data.rel.ro.* .rel.gnu.linkonce.d.rel.ro.*)
 *(.rel.data .rel.data.* .rel.gnu.linkonce.d.*)
 *(.rel.tdata .rel.tdata.* .rel.gnu.linkonce.td.*)
 *(.rel.tbss .rel.tbss.* .rel.gnu.linkonce.tb.*)
 *(.rel.ctors)
 *(.rel.dtors)
 *(.rel.got)
 .rel.got       0x00000000080480d4        0x0 build/mian.o
 *(.rel.bss .rel.bss.* .rel.gnu.linkonce.b.*)
 *(.rel.ifunc)

.rel.plt        0x00000000080480d4        0x0
 *(.rel.plt)
                [!provide]                        PROVIDE (__rel_iplt_start = .)
 *(.rel.iplt)
 .rel.iplt      0x00000000080480d4        0x0 build/mian.o
                [!provide]                        PROVIDE (__rel_iplt_end = .)

.relr.dyn
 *(.relr.dyn)
                0x0000000008049000                . = ALIGN (CONSTANT (MAXPAGESIZE))

.init
 *(SORT_NONE(.init))

.plt            0x0000000008049000        0x0
 *(.plt)
 *(.iplt)
 .iplt          0x0000000008049000        0x0 build/mian.o

.plt.got
 *(.plt.got)

.plt.sec
 *(.plt.sec)

.text           0x00000000c0001500     0x1f25
 *(.text.unlikely .text.*_unlikely .text.unlikely.*)
 *(.text.exit .text.exit.*)
 *(.text.startup .text.startup.*)
 *(.text.hot .text.hot.*)
 *(SORT_BY_NAME(.text.sorted.*))
 *(.text .stub .text.* .gnu.linkonce.t.*)
 .text          0x00000000c0001500      0x120 build/mian.o
                0x00000000c0001500                main
                0x00000000c00015a0                k_thread_a
                0x00000000c00015e0                k_thread_b
 .text          0x00000000c0001620       0x28 build/init.o
                0x00000000c0001620                init_all
 .text          0x00000000c0001648      0x44e build/interrupt.o
                0x00000000c0001989                register_handler
                0x00000000c00019a5                intr_enable
                0x00000000c00019ce                intr_disable
                0x00000000c00019f7                intr_set_status
                0x00000000c0001a15                intr_get_status
                0x00000000c0001a38                idt_init
 .text          0x00000000c0001a96      0x193 build/timer.o
                0x00000000c0001bc9                timer_init
 *fill*         0x00000000c0001c29        0x7 
 .text          0x00000000c0001c30      0x172 build/print.o
                0x00000000c0001c30                put_str
                0x00000000c0001c4e                put_char
                0x00000000c0001d1b                put_int
                0x00000000c0001d7e                set_cursor
 *fill*         0x00000000c0001da2        0xe 
 .text          0x00000000c0001db0      0x39d build/kernel.o
                0x00000000c0001db0                intr_exit
 .text          0x00000000c000214d       0xa5 build/debug.o
                0x00000000c000214d                panic_spin
 .text          0x00000000c00021f2      0x454 build/string.o
                0x00000000c00021f2                memset
                0x00000000c000224e                memcpy
                0x00000000c00022b6                memcmp
                0x00000000c000234c                strcpy
                0x00000000c00023af                strlen
                0x00000000c0002409                strcmp
                0x00000000c0002490                strchr
                0x00000000c00024f6                strrchr
                0x00000000c000255f                strcat
                0x00000000c00025d9                strchrs
 .text          0x00000000c0002646      0x270 build/bitmap.o
                0x00000000c0002646                bitmap_init
                0x00000000c000266d                bitmap_scan_test
                0x00000000c00026af                bitmap_scan
                0x00000000c00027fd                bitmap_set
 .text          0x00000000c00028b6      0x54b build/memory.o
                0x00000000c000293b                pte_ptr
                0x00000000c000296c                pde_ptr
                0x00000000c0002b1e                malloc_page
                0x00000000c0002be8                get_kernel_pages
                0x00000000c0002dcc                mem_init
 .text          0x00000000c0002e01      0x41c build/thread.o
                0x00000000c0002e01                running_thread
                0x00000000c0002e2c                thread_create
                0x00000000c0002ea2                init_thread
                0x00000000c0002f3d                thread_start
                0x00000000c00030b8                schedule
                0x00000000c00031e0                thread_init
 .text          0x00000000c000321d      0x1e4 build/list.o
                0x00000000c000321d                list_init
                0x00000000c000324a                list_insert_before
                0x00000000c000328b                list_push
                0x00000000c00032a8                list_append
                0x00000000c00032c5                list_remove
                0x00000000c00032fb                list_pop
                0x00000000c000331a                elem_find
                0x00000000c0003355                list_traversal
                0x00000000c00033b3                list_len
                0x00000000c00033e8                list_empty
 *fill*         0x00000000c0003401        0xf 
 .text          0x00000000c0003410       0x15 build/switch.o
                0x00000000c0003410                switch_to
 *(.gnu.warning)

.fini
 *(SORT_NONE(.fini))
                [!provide]                        PROVIDE (__etext = .)
                [!provide]                        PROVIDE (_etext = .)
                [!provide]                        PROVIDE (etext = .)
                0x00000000c0004000                . = ALIGN (CONSTANT (MAXPAGESIZE))
                0x00000000c0004000                . = SEGMENT_START ("rodata-segment", (ALIGN (CONSTANT (MAXPAGESIZE)) + (. & (CONSTANT (MAXPAGESIZE) - 0x1))))

.rodata         0x00000000c0004000      0x772
 *(.rodata .rodata.* .gnu.linkonce.r.*)
 .rodata        0x00000000c0004000       0x35 build/mian.o
 .rodata        0x00000000c0004035        0xa build/init.o
 *fill*         0x00000000c000403f        0x1 
 .rodata        0x00000000c0004040      0x2dd build/interrupt.o
 *fill*         0x00000000c000431d        0x3 
 .rodata        0x00000000c0004320       0x6b build/timer.o
 *fill*         0x00000000c000438b        0x1 
 .rodata        0x00000000c000438c       0x4e build/debug.o
 .rodata        0x00000000c00043da       0xa6 build/string.o
 .rodata        0x00000000c0004480       0x68 build/bitmap.o
 .rodata        0x00000000c00044e8      0x120 build/memory.o
 .rodata        0x00000000c0004608      0x16a build/thread.o

.rodata1
 *(.rodata1)

.eh_frame_hdr
 *(.eh_frame_hdr)
 *(.eh_frame_entry .eh_frame_entry.*)

.eh_frame
 *(.eh_frame)
 *(.eh_frame.*)

.gcc_except_table
 *(.gcc_except_table .gcc_except_table.*)

.gnu_extab
 *(.gnu_extab*)

.exception_ranges
 *(.exception_ranges*)
                0x00000000c0005772                . = DATA_SEGMENT_ALIGN (CONSTANT (MAXPAGESIZE), CONSTANT (COMMONPAGESIZE))

.eh_frame
 *(.eh_frame)
 *(.eh_frame.*)

.gnu_extab
 *(.gnu_extab)

.gcc_except_table
 *(.gcc_except_table .gcc_except_table.*)

.exception_ranges
 *(.exception_ranges*)

.tdata          0x00000000c0005772        0x0
                [!provide]                        PROVIDE (__tdata_start = .)
 *(.tdata .tdata.* .gnu.linkonce.td.*)

.tbss
 *(.tbss .tbss.* .gnu.linkonce.tb.*)
 *(.tcommon)

.preinit_array  0x00000000c0005772        0x0
                [!provide]                        PROVIDE (__preinit_array_start = .)
 *(.preinit_array)
                [!provide]                        PROVIDE (__preinit_array_end = .)

.init_array     0x00000000c0005772        0x0
                [!provide]                        PROVIDE (__init_array_start = .)
 *(SORT_BY_INIT_PRIORITY(.init_array.*) SORT_BY_INIT_PRIORITY(.ctors.*))
 *(.init_array EXCLUDE_FILE(*crtend?.o *crtend.o *crtbegin?.o *crtbegin.o) .ctors)
                [!provide]                        PROVIDE (__init_array_end = .)

.fini_array     0x00000000c0005772        0x0
                [!provide]                        PROVIDE (__fini_array_start = .)
 *(SORT_BY_INIT_PRIORITY(.fini_array.*) SORT_BY_INIT_PRIORITY(.dtors.*))
 *(.fini_array EXCLUDE_FILE(*crtend?.o *crtend.o *crtbegin?.o *crtbegin.o) .dtors)
                [!provide]                        PROVIDE (__fini_array_end = .)

.ctors
 *crtbegin.o(.ctors)
 *crtbegin?.o(.ctors)
 *(EXCLUDE_FILE(*crtend?.o *crtend.o) .ctors)
 *(SORT_BY_NAME(.ctors.*))
 *(.ctors)

.dtors
 *crtbegin.o(.dtors)
 *crtbegin?.o(.dtors)
 *(EXCLUDE_FILE(*crtend?.o *crtend.o) .dtors)
 *(SORT_BY_NAME(.dtors.*))
 *(.dtors)

.jcr
 *(.jcr)

.data.rel.ro
 *(.data.rel.ro.local* .gnu.linkonce.d.rel.ro.local.*)
 *(.data.rel.ro .data.rel.ro.* .gnu.linkonce.d.rel.ro.*)

.dynamic
 *(.dynamic)

.got            0x00000000c0005774        0x0
 *(.got)
 .got           0x00000000c0005774        0x0 build/mian.o
 *(.igot)
                0x00000000c0005774                . = DATA_SEGMENT_RELRO_END (., (SIZEOF (.got.plt) >= 0xc)?0xc:0x0)

.got.plt        0x00000000c0005774        0x0
 *(.got.plt)
 .got.plt       0x00000000c0005774        0x0 build/mian.o
 *(.igot.plt)
 .igot.plt      0x00000000c0005774        0x0 build/mian.o

.data           0x00000000c0005774       0x8c
 *(.data .data.* .gnu.linkonce.d.*)
 .data          0x00000000c0005774        0x0 build/mian.o
 .data          0x00000000c0005774        0x0 build/init.o
 .data          0x00000000c0005774        0x0 build/interrupt.o
 .data          0x00000000c0005774        0x0 build/timer.o
 .data          0x00000000c0005774        0x8 build/print.o
 .data          0x00000000c000577c       0x84 build/kernel.o
                0x00000000c000577c                inter_entry_table
 .data          0x00000000c0005800        0x0 build/debug.o
 .data          0x00000000c0005800        0x0 build/string.o
 .data          0x00000000c0005800        0x0 build/bitmap.o
 .data          0x00000000c0005800        0x0 build/memory.o
 .data          0x00000000c0005800        0x0 build/thread.o
 .data          0x00000000c0005800        0x0 build/list.o

.data1
 *(.data1)
                0x00000000c0005800                _edata = .
                [!provide]                        PROVIDE (edata = .)
                0x00000000c0005800                . = .
                0x00000000c0005800                __bss_start = .

.bss            0x00000000c0005800      0x298
 *(.dynbss)
 *(.bss .bss.* .gnu.linkonce.b.*)
 .bss           0x00000000c0005800        0x0 build/mian.o
 .bss           0x00000000c0005800        0x0 build/init.o
 .bss           0x00000000c0005800      0x108 build/interrupt.o
 .bss           0x00000000c0005908        0x0 build/timer.o
 .bss           0x00000000c0005908        0x0 build/debug.o
 .bss           0x00000000c0005908        0x0 build/string.o
 .bss           0x00000000c0005908        0x0 build/bitmap.o
 .bss           0x00000000c0005908        0x0 build/memory.o
 .bss           0x00000000c0005908        0x4 build/thread.o
 .bss           0x00000000c000590c        0x0 build/list.o
 *(COMMON)
 *fill*         0x00000000c000590c       0x14 
 COMMON         0x00000000c0005920      0x124 build/interrupt.o
                0x00000000c0005920                intr_name
                0x00000000c00059c0                idt_table
 COMMON         0x00000000c0005a44        0x4 build/timer.o
                0x00000000c0005a44                ticks
 COMMON         0x00000000c0005a48       0x2c build/memory.o
                0x00000000c0005a48                user_pool
                0x00000000c0005a58                kernel_vaddr
                0x00000000c0005a64                kernel_pool
 COMMON         0x00000000c0005a74       0x24 build/thread.o
                0x00000000c0005a74                thread_all_list
                0x00000000c0005a84                thread_read_list
                0x00000000c0005a94                main_thread
                0x00000000c0005a98                . = ALIGN ((. != 0x0)?0x4:0x1)
                0x00000000c0005a98                . = ALIGN (0x4)
                0x00000000c0005a98                . = SEGMENT_START ("ldata-segment", .)
                0x00000000c0005a98                . = ALIGN (0x4)
                0x00000000c0005a98                _end = .
                [!provide]                        PROVIDE (end = .)
                0x00000000c0005a98                . = DATA_SEGMENT_END (.)

.stab
 *(.stab)

.stabstr
 *(.stabstr)

.stab.excl
 *(.stab.excl)

.stab.exclstr
 *(.stab.exclstr)

.stab.index
 *(.stab.index)

.stab.indexstr
 *(.stab.indexstr)

.comment        0x0000000000000000       0x2a
 *(.comment)
 .comment       0x0000000000000000       0x2a build/mian.o
                                         0x2b (松开之前的大小)
 .comment       0x000000000000002a       0x2b build/init.o
 .comment       0x000000000000002a       0x2b build/interrupt.o
 .comment       0x000000000000002a       0x2b build/timer.o
 .comment       0x000000000000002a       0x2b build/debug.o
 .comment       0x000000000000002a       0x2b build/string.o
 .comment       0x000000000000002a       0x2b build/bitmap.o
 .comment       0x000000000000002a       0x2b build/memory.o
 .comment       0x000000000000002a       0x2b build/thread.o
 .comment       0x000000000000002a       0x2b build/list.o

.gnu.build.attributes
 *(.gnu.build.attributes .gnu.build.attributes.*)

.debug
 *(.debug)

.line
 *(.line)

.debug_srcinfo
 *(.debug_srcinfo)

.debug_sfnames
 *(.debug_sfnames)

.debug_aranges  0x0000000000000000      0x1a0
 *(.debug_aranges)
 .debug_aranges
                0x0000000000000000       0x20 build/mian.o
 .debug_aranges
                0x0000000000000020       0x20 build/init.o
 .debug_aranges
                0x0000000000000040       0x20 build/interrupt.o
 .debug_aranges
                0x0000000000000060       0x20 build/timer.o
 .debug_aranges
                0x0000000000000080       0x20 build/print.o
 .debug_aranges
                0x00000000000000a0       0x20 build/kernel.o
 .debug_aranges
                0x00000000000000c0       0x20 build/debug.o
 .debug_aranges
                0x00000000000000e0       0x20 build/string.o
 .debug_aranges
                0x0000000000000100       0x20 build/bitmap.o
 .debug_aranges
                0x0000000000000120       0x20 build/memory.o
 .debug_aranges
                0x0000000000000140       0x20 build/thread.o
 .debug_aranges
                0x0000000000000160       0x20 build/list.o
 .debug_aranges
                0x0000000000000180       0x20 build/switch.o

.debug_pubnames
                0x0000000000000000      0x3fd
 *(.debug_pubnames)
 .debug_pubnames
                0x0000000000000000       0x39 build/mian.o
 .debug_pubnames
                0x0000000000000039       0x1f build/init.o
 .debug_pubnames
                0x0000000000000058       0x99 build/interrupt.o
 .debug_pubnames
                0x00000000000000f1       0x2b build/timer.o
 .debug_pubnames
                0x000000000000011c        0x0 build/print.o
 .debug_pubnames
                0x000000000000011c        0x0 build/kernel.o
 .debug_pubnames
                0x000000000000011c       0x21 build/debug.o
 .debug_pubnames
                0x000000000000013d       0x82 build/string.o
 .debug_pubnames
                0x00000000000001bf       0x56 build/bitmap.o
 .debug_pubnames
                0x0000000000000215       0x8b build/memory.o
 .debug_pubnames
                0x00000000000002a0       0xae build/thread.o
 .debug_pubnames
                0x000000000000034e       0xaf build/list.o
 .debug_pubnames
                0x00000000000003fd        0x0 build/switch.o

.debug_info     0x0000000000000000     0x1dd9
 *(.debug_info .gnu.linkonce.wi.*)
 .debug_info    0x0000000000000000      0x11a build/mian.o
 .debug_info    0x000000000000011a       0x73 build/init.o
 .debug_info    0x000000000000018d      0x3bc build/interrupt.o
 .debug_info    0x0000000000000549      0x2a5 build/timer.o
 .debug_info    0x00000000000007ee       0x44 build/print.o
 .debug_info    0x0000000000000832       0x41 build/kernel.o
 .debug_info    0x0000000000000873       0xc8 build/debug.o
 .debug_info    0x000000000000093b      0x485 build/string.o
 .debug_info    0x0000000000000dc0      0x274 build/bitmap.o
 .debug_info    0x0000000000001034      0x4ff build/memory.o
 .debug_info    0x0000000000001533      0x509 build/thread.o
 .debug_info    0x0000000000001a3c      0x35c build/list.o
 .debug_info    0x0000000000001d98       0x41 build/switch.o

.debug_abbrev   0x0000000000000000      0x988
 *(.debug_abbrev)
 .debug_abbrev  0x0000000000000000       0xb5 build/mian.o
 .debug_abbrev  0x00000000000000b5       0x3f build/init.o
 .debug_abbrev  0x00000000000000f4      0x148 build/interrupt.o
 .debug_abbrev  0x000000000000023c      0x10d build/timer.o
 .debug_abbrev  0x0000000000000349       0x1b build/print.o
 .debug_abbrev  0x0000000000000364       0x1b build/kernel.o
 .debug_abbrev  0x000000000000037f       0x60 build/debug.o
 .debug_abbrev  0x00000000000003df       0xe7 build/string.o
 .debug_abbrev  0x00000000000004c6       0xea build/bitmap.o
 .debug_abbrev  0x00000000000005b0      0x15e build/memory.o
 .debug_abbrev  0x000000000000070e      0x163 build/thread.o
 .debug_abbrev  0x0000000000000871       0xfc build/list.o
 .debug_abbrev  0x000000000000096d       0x1b build/switch.o

.debug_line     0x0000000000000000      0x9fd
 *(.debug_line .debug_line.* .debug_line_end)
 .debug_line    0x0000000000000000       0x60 build/mian.o
 .debug_line    0x0000000000000060       0x43 build/init.o
 .debug_line    0x00000000000000a3       0xfb build/interrupt.o
 .debug_line    0x000000000000019e       0xa8 build/timer.o
 .debug_line    0x0000000000000246       0xd1 build/print.o
 .debug_line    0x0000000000000317      0x256 build/kernel.o
 .debug_line    0x000000000000056d       0x4d build/debug.o
 .debug_line    0x00000000000005ba       0xc1 build/string.o
 .debug_line    0x000000000000067b       0xa1 build/bitmap.o
 .debug_line    0x000000000000071c       0xfc build/memory.o
 .debug_line    0x0000000000000818       0xe8 build/thread.o
 .debug_line    0x0000000000000900       0xb4 build/list.o
 .debug_line    0x00000000000009b4       0x49 build/switch.o

.debug_frame    0x0000000000000000      0x6c0
 *(.debug_frame)
 .debug_frame   0x0000000000000000       0x5c build/mian.o
 .debug_frame   0x000000000000005c       0x2c build/init.o
 .debug_frame   0x0000000000000088      0x13c build/interrupt.o
 .debug_frame   0x00000000000001c4       0x7c build/timer.o
 .debug_frame   0x0000000000000240        0x0 build/print.o
 .debug_frame   0x0000000000000240        0x0 build/kernel.o
 .debug_frame   0x0000000000000240       0x2c build/debug.o
 .debug_frame   0x000000000000026c      0x104 build/string.o
 .debug_frame   0x0000000000000370       0x88 build/bitmap.o
 .debug_frame   0x00000000000003f8       0xec build/memory.o
 .debug_frame   0x00000000000004e4       0xd4 build/thread.o
 .debug_frame   0x00000000000005b8      0x104 build/list.o
 *fill*         0x00000000000006bc        0x4 
 .debug_frame   0x00000000000006c0        0x0 build/switch.o

.debug_str      0x0000000000000000      0x86b
 *(.debug_str)
 .debug_str     0x0000000000000000       0xa7 build/mian.o
                                         0xc5 (松开之前的大小)
 .debug_str     0x00000000000000a7       0x17 build/init.o
                                         0xa9 (松开之前的大小)
 .debug_str     0x00000000000000be      0x1d4 build/interrupt.o
                                        0x284 (松开之前的大小)
 .debug_str     0x0000000000000292      0x145 build/timer.o
                                        0x217 (松开之前的大小)
 .debug_str     0x00000000000003d7       0x32 build/debug.o
                                         0xce (松开之前的大小)
 .debug_str     0x0000000000000409       0x70 build/string.o
                                        0x133 (松开之前的大小)
 .debug_str     0x0000000000000479       0xab build/bitmap.o
                                        0x176 (松开之前的大小)
 .debug_str     0x0000000000000524      0x1bc build/memory.o
                                        0x2cd (松开之前的大小)
 .debug_str     0x00000000000006e0       0xef build/thread.o
                                        0x2c0 (松开之前的大小)
 .debug_str     0x00000000000007cf       0x9c build/list.o
                                        0x1a3 (松开之前的大小)

.debug_loc      0x0000000000000000      0xaa8
 *(.debug_loc)
 .debug_loc     0x0000000000000000       0x84 build/mian.o
 .debug_loc     0x0000000000000084       0x2c build/init.o
 .debug_loc     0x00000000000000b0      0x210 build/interrupt.o
 .debug_loc     0x00000000000002c0       0xb0 build/timer.o
 .debug_loc     0x0000000000000370        0x0 build/print.o
 .debug_loc     0x0000000000000370        0x0 build/kernel.o
 .debug_loc     0x0000000000000370       0x2c build/debug.o
 .debug_loc     0x000000000000039c      0x1b8 build/string.o
 .debug_loc     0x0000000000000554       0xb0 build/bitmap.o
 .debug_loc     0x0000000000000604      0x18c build/memory.o
 .debug_loc     0x0000000000000790      0x160 build/thread.o
 .debug_loc     0x00000000000008f0      0x1b8 build/list.o
 .debug_loc     0x0000000000000aa8        0x0 build/switch.o

.debug_macinfo
 *(.debug_macinfo)

.debug_weaknames
 *(.debug_weaknames)

.debug_funcnames
 *(.debug_funcnames)

.debug_typenames
 *(.debug_typenames)

.debug_varnames
 *(.debug_varnames)

.debug_pubtypes
 *(.debug_pubtypes)

.debug_ranges
 *(.debug_ranges)

.debug_addr
 *(.debug_addr)

.debug_line_str
 *(.debug_line_str)

.debug_loclists
 *(.debug_loclists)

.debug_macro
 *(.debug_macro)

.debug_names
 *(.debug_names)

.debug_rnglists
 *(.debug_rnglists)

.debug_str_offsets
 *(.debug_str_offsets)

.debug_sup
 *(.debug_sup)

.gnu.attributes
 *(.gnu.attributes)

/DISCARD/
 *(.note.GNU-stack)
 *(.gnu_debuglink)
 *(.gnu.lto_*)
OUTPUT(build/kernel.bin elf32-i386)
